Component: ARM Compiler 5.06 update 7 (build 960) Tool: armlink [4d3601]

==============================================================================

Section Cross References

    main.o(.rev16_text) refers (Special) to daddsub_clz.o(x$fpl$dsub) for __aeabi_dsub
    main.o(.revsh_text) refers (Special) to daddsub_clz.o(x$fpl$dsub) for __aeabi_dsub
    main.o(.rrx_text) refers (Special) to daddsub_clz.o(x$fpl$dsub) for __aeabi_dsub
    main.o(i.Error_Handler) refers (Special) to daddsub_clz.o(x$fpl$dsub) for __aeabi_dsub
    main.o(i.HAL_GPIO_EXTI_Callback) refers (Special) to daddsub_clz.o(x$fpl$dsub) for __aeabi_dsub
    main.o(i.HAL_GPIO_EXTI_Callback) refers to main.o(.data) for .data
    main.o(i.HAL_TIM_PeriodElapsedCallback) refers (Special) to daddsub_clz.o(x$fpl$dsub) for __aeabi_dsub
    main.o(i.HAL_TIM_PeriodElapsedCallback) refers to scalbnf.o(x$fpl$scalbnf) for __ARM_scalbnf
    main.o(i.HAL_TIM_PeriodElapsedCallback) refers to f2d.o(x$fpl$f2d) for __aeabi_f2d
    main.o(i.HAL_TIM_PeriodElapsedCallback) refers to daddsub_clz.o(x$fpl$drsb) for __aeabi_drsub
    main.o(i.HAL_TIM_PeriodElapsedCallback) refers to dmul.o(x$fpl$dmul) for __aeabi_dmul
    main.o(i.HAL_TIM_PeriodElapsedCallback) refers to ddiv.o(x$fpl$ddiv) for __aeabi_ddiv
    main.o(i.HAL_TIM_PeriodElapsedCallback) refers to d2f.o(x$fpl$d2f) for __aeabi_d2f
    main.o(i.HAL_TIM_PeriodElapsedCallback) refers to stm32f1xx_hal_gpio.o(i.HAL_GPIO_WritePin) for HAL_GPIO_WritePin
    main.o(i.HAL_TIM_PeriodElapsedCallback) refers to dleqf.o(x$fpl$dleqf) for __aeabi_cdcmple
    main.o(i.HAL_TIM_PeriodElapsedCallback) refers to faddsub_clz.o(x$fpl$fsub) for __aeabi_fsub
    main.o(i.HAL_TIM_PeriodElapsedCallback) refers to ffltll_clz.o(x$fpl$ffltll) for __aeabi_l2f
    main.o(i.HAL_TIM_PeriodElapsedCallback) refers to faddsub_clz.o(x$fpl$fadd) for __aeabi_fadd
    main.o(i.HAL_TIM_PeriodElapsedCallback) refers to ffixll.o(x$fpl$llsfromf) for __aeabi_f2lz
    main.o(i.HAL_TIM_PeriodElapsedCallback) refers to drleqf.o(x$fpl$drleqf) for __aeabi_cdrcmple
    main.o(i.HAL_TIM_PeriodElapsedCallback) refers to dfltll_clz.o(x$fpl$dfltll) for __aeabi_l2d
    main.o(i.HAL_TIM_PeriodElapsedCallback) refers to deqf.o(x$fpl$deqf) for __aeabi_cdcmpeq
    main.o(i.HAL_TIM_PeriodElapsedCallback) refers to fleqf.o(x$fpl$fleqf) for __aeabi_cfcmple
    main.o(i.HAL_TIM_PeriodElapsedCallback) refers to daddsub_clz.o(x$fpl$dadd) for __aeabi_dadd
    main.o(i.HAL_TIM_PeriodElapsedCallback) refers to main.o(.data) for .data
    main.o(i.HAL_UART_ErrorCallback) refers (Special) to daddsub_clz.o(x$fpl$dsub) for __aeabi_dsub
    main.o(i.HAL_UART_ErrorCallback) refers to stm32f1xx_hal_gpio.o(i.HAL_GPIO_WritePin) for HAL_GPIO_WritePin
    main.o(i.HAL_UART_ErrorCallback) refers to ffltll_clz.o(x$fpl$ffltll) for __aeabi_l2f
    main.o(i.HAL_UART_ErrorCallback) refers to fmul.o(x$fpl$fmul) for __aeabi_fmul
    main.o(i.HAL_UART_ErrorCallback) refers to ffixll.o(x$fpl$llsfromf) for __aeabi_f2lz
    main.o(i.HAL_UART_ErrorCallback) refers to dflt_clz.o(x$fpl$dfltu) for __aeabi_ui2d
    main.o(i.HAL_UART_ErrorCallback) refers to ddiv.o(x$fpl$ddiv) for __aeabi_ddiv
    main.o(i.HAL_UART_ErrorCallback) refers to dmul.o(x$fpl$dmul) for __aeabi_dmul
    main.o(i.HAL_UART_ErrorCallback) refers to d2f.o(x$fpl$d2f) for __aeabi_d2f
    main.o(i.HAL_UART_ErrorCallback) refers to daddsub_clz.o(x$fpl$dadd) for __aeabi_dadd
    main.o(i.HAL_UART_ErrorCallback) refers to main.o(.bss) for .bss
    main.o(i.HAL_UART_ErrorCallback) refers to main.o(.data) for .data
    main.o(i.HAL_UART_RxCpltCallback) refers (Special) to daddsub_clz.o(x$fpl$dsub) for __aeabi_dsub
    main.o(i.HAL_UART_RxCpltCallback) refers to stm32f1xx_hal_uart.o(i.HAL_UART_Receive_IT) for HAL_UART_Receive_IT
    main.o(i.HAL_UART_RxCpltCallback) refers to main.o(.bss) for .bss
    main.o(i.HAL_UART_RxCpltCallback) refers to main.o(.data) for .data
    main.o(i.MX_GPIO_Init) refers (Special) to daddsub_clz.o(x$fpl$dsub) for __aeabi_dsub
    main.o(i.MX_GPIO_Init) refers to stm32f1xx_hal_gpio.o(i.HAL_GPIO_WritePin) for HAL_GPIO_WritePin
    main.o(i.MX_GPIO_Init) refers to stm32f1xx_hal_gpio.o(i.HAL_GPIO_Init) for HAL_GPIO_Init
    main.o(i.MX_GPIO_Init) refers to stm32f1xx_hal_cortex.o(i.HAL_NVIC_SetPriority) for HAL_NVIC_SetPriority
    main.o(i.MX_GPIO_Init) refers to stm32f1xx_hal_cortex.o(i.HAL_NVIC_EnableIRQ) for HAL_NVIC_EnableIRQ
    main.o(i.MX_TIM1_Init) refers (Special) to daddsub_clz.o(x$fpl$dsub) for __aeabi_dsub
    main.o(i.MX_TIM1_Init) refers to stm32f1xx_hal_tim.o(i.HAL_TIM_Base_Init) for HAL_TIM_Base_Init
    main.o(i.MX_TIM1_Init) refers to stm32f1xx_hal_tim.o(i.HAL_TIM_ConfigClockSource) for HAL_TIM_ConfigClockSource
    main.o(i.MX_TIM1_Init) refers to stm32f1xx_hal_tim_ex.o(i.HAL_TIMEx_MasterConfigSynchronization) for HAL_TIMEx_MasterConfigSynchronization
    main.o(i.MX_TIM1_Init) refers to main.o(.bss) for .bss
[...]
    ../Drivers/STM32F1xx_HAL_Driver/Src/stm32f1xx_hal_flash_ex.c 0x00000000   Number         0  stm32f1xx_hal_flash_ex.o ABSOLUTE
    ../Drivers/STM32F1xx_HAL_Driver/Src/stm32f1xx_hal_gpio.c 0x00000000   Number         0  stm32f1xx_hal_gpio.o ABSOLUTE
    ../Drivers/STM32F1xx_HAL_Driver/Src/stm32f1xx_hal_gpio_ex.c 0x00000000   Number         0  stm32f1xx_hal_gpio_ex.o ABSOLUTE
    ../Drivers/STM32F1xx_HAL_Driver/Src/stm32f1xx_hal_pwr.c 0x00000000   Number         0  stm32f1xx_hal_pwr.o ABSOLUTE
    ../Drivers/STM32F1xx_HAL_Driver/Src/stm32f1xx_hal_rcc.c 0x00000000   Number         0  stm32f1xx_hal_rcc.o ABSOLUTE
    ../Drivers/STM32F1xx_HAL_Driver/Src/stm32f1xx_hal_rcc_ex.c 0x00000000   Number         0  stm32f1xx_hal_rcc_ex.o ABSOLUTE
    ../Drivers/STM32F1xx_HAL_Driver/Src/stm32f1xx_hal_tim.c 0x00000000   Number         0  stm32f1xx_hal_tim.o ABSOLUTE
    ../Drivers/STM32F1xx_HAL_Driver/Src/stm32f1xx_hal_tim_ex.c 0x00000000   Number         0  stm32f1xx_hal_tim_ex.o ABSOLUTE
    ../Drivers/STM32F1xx_HAL_Driver/Src/stm32f1xx_hal_uart.c 0x00000000   Number         0  stm32f1xx_hal_uart.o ABSOLUTE
    ../clib/angel/boardlib.s                 0x00000000   Number         0  boardinit3.o ABSOLUTE
    ../clib/angel/boardlib.s                 0x00000000   Number         0  boardinit2.o ABSOLUTE
    ../clib/angel/boardlib.s                 0x00000000   Number         0  boardinit1.o ABSOLUTE
    ../clib/angel/boardlib.s                 0x00000000   Number         0  boardshut.o ABSOLUTE
    ../clib/angel/handlers.s                 0x00000000   Number         0  __scatter_copy.o ABSOLUTE
    ../clib/angel/handlers.s                 0x00000000   Number         0  __scatter_zi.o ABSOLUTE
    ../clib/angel/kernel.s                   0x00000000   Number         0  __rtentry4.o ABSOLUTE
    ../clib/angel/kernel.s                   0x00000000   Number         0  __rtentry.o ABSOLUTE
    ../clib/angel/kernel.s                   0x00000000   Number         0  __rtentry2.o ABSOLUTE
    ../clib/angel/kernel.s                   0x00000000   Number         0  rtexit2.o ABSOLUTE
    ../clib/angel/kernel.s                   0x00000000   Number         0  rtexit.o ABSOLUTE
    ../clib/angel/rt.s                       0x00000000   Number         0  rt_raise.o ABSOLUTE
    ../clib/angel/scatter.s                  0x00000000   Number         0  __scatter.o ABSOLUTE
    ../clib/angel/startup.s                  0x00000000   Number         0  __main.o ABSOLUTE
    ../clib/angel/sys.s                      0x00000000   Number         0  use_no_semi.o ABSOLUTE
    ../clib/angel/sys.s                      0x00000000   Number         0  sys_stackheap_outer.o ABSOLUTE
    ../clib/angel/sys.s                      0x00000000   Number         0  libspace.o ABSOLUTE
    ../clib/angel/sys.s                      0x00000000   Number         0  indicate_semi.o ABSOLUTE
    ../clib/angel/sysapp.c                   0x00000000   Number         0  sys_command.o ABSOLUTE
    ../clib/angel/sysapp.c                   0x00000000   Number         0  sys_exit.o ABSOLUTE
    ../clib/angel/sysapp.c                   0x00000000   Number         0  sys_wrch.o ABSOLUTE
    ../clib/armsys.c                         0x00000000   Number         0  no_argv.o ABSOLUTE
    ../clib/armsys.c                         0x00000000   Number         0  _get_argv_nomalloc.o ABSOLUTE
    ../clib/armsys.c                         0x00000000   Number         0  argv_veneer.o ABSOLUTE
    ../clib/armsys.c                         0x00000000   Number         0  argv_veneer.o ABSOLUTE
    ../clib/heapalloc.c                      0x00000000   Number         0  hrguard.o ABSOLUTE
    ../clib/heapaux.c                        0x00000000   Number         0  heapauxi.o ABSOLUTE
    ../clib/libinit.s                        0x00000000   Number         0  libshutdown.o ABSOLUTE
    ../clib/libinit.s                        0x00000000   Number         0  libinit2.o ABSOLUTE
    ../clib/libinit.s                        0x00000000   Number         0  libshutdown2.o ABSOLUTE
    ../clib/libinit.s                        0x00000000   Number         0  libinit.o ABSOLUTE
    ../clib/longlong.s                       0x00000000   Number         0  llushr.o ABSOLUTE
    ../clib/memcpset.s                       0x00000000   Number         0  rt_memclr_w.o ABSOLUTE
    ../clib/signal.c                         0x00000000   Number         0  __raise.o ABSOLUTE
    ../clib/signal.c                         0x00000000   Number         0  defsig_rtmem_inner.o ABSOLUTE
    ../clib/signal.c                         0x00000000   Number         0  defsig_exit.o ABSOLUTE
    ../clib/signal.c                         0x00000000   Number         0  defsig_rtmem_formal.o ABSOLUTE
    ../clib/signal.c                         0x00000000   Number         0  defsig_rtmem_outer.o ABSOLUTE
    ../clib/signal.c                         0x00000000   Number         0  defsig_cppl_inner.o ABSOLUTE
    ../clib/signal.c                         0x00000000   Number         0  defsig_rtred_inner.o ABSOLUTE
    ../clib/signal.c                         0x00000000   Number         0  defsig_pvfn_inner.o ABSOLUTE
    ../clib/signal.c                         0x00000000   Number         0  defsig_fpe_inner.o ABSOLUTE
    ../clib/signal.c                         0x00000000   Number         0  defsig_segv_inner.o ABSOLUTE
    ../clib/signal.c                         0x00000000   Number         0  defsig_abrt_inner.o ABSOLUTE
    ../clib/signal.c                         0x00000000   Number         0  defsig_other.o ABSOLUTE
    ../clib/signal.c                         0x00000000   Number         0  defsig_stak_inner.o ABSOLUTE
    ../clib/signal.c                         0x00000000   Number         0  defsig_general.o ABSOLUTE
    ../clib/signal.s                         0x00000000   Number         0  defsig.o ABSOLUTE
    ../clib/stdlib.c                         0x00000000   Number         0  exit.o ABSOLUTE
    ../fplib/d2f.s                           0x00000000   Number         0  d2f.o ABSOLUTE
    ../fplib/daddsub.s                       0x00000000   Number         0  daddsub_clz.o ABSOLUTE
    ../fplib/dcmpi.s                         0x00000000   Number         0  dcmpi.o ABSOLUTE
    ../fplib/ddiv.s                          0x00000000   Number         0  ddiv.o ABSOLUTE
    ../fplib/deqf.s                          0x00000000   Number         0  deqf.o ABSOLUTE
    ../fplib/dflt.s                          0x00000000   Number         0  dflt_clz.o ABSOLUTE
    ../fplib/dfltll.s                        0x00000000   Number         0  dfltll_clz.o ABSOLUTE
    ../fplib/dleqf.s                         0x00000000   Number         0  dleqf.o ABSOLUTE
    ../fplib/dmul.s                          0x00000000   Number         0  dmul.o ABSOLUTE
    ../fplib/dnaninf.s                       0x00000000   Number         0  dnaninf.o ABSOLUTE
    ../fplib/dretinf.s                       0x00000000   Number         0  dretinf.o ABSOLUTE
    ../fplib/drleqf.s                        0x00000000   Number         0  drleqf.o ABSOLUTE
    ../fplib/f2d.s                           0x00000000   Number         0  f2d.o ABSOLUTE
    ../fplib/faddsub.s                       0x00000000   Number         0  faddsub_clz.o ABSOLUTE
    ../fplib/fcheck1.s                       0x00000000   Number         0  fcheck1.o ABSOLUTE
    ../fplib/fcmpi.s                         0x00000000   Number         0  fcmpi.o ABSOLUTE
    ../fplib/fdiv.s                          0x00000000   Number         0  fdiv.o ABSOLUTE
    ../fplib/ffixll.s                        0x00000000   Number         0  ffixll.o ABSOLUTE
    ../fplib/fflt.s                          0x00000000   Number         0  fflt_clz.o ABSOLUTE
    ../fplib/ffltll.s                        0x00000000   Number         0  ffltll_clz.o ABSOLUTE
    ../fplib/fleqf.s                         0x00000000   Number         0  fleqf.o ABSOLUTE
    ../fplib/fmul.s                          0x00000000   Number         0  fmul.o ABSOLUTE
    ../fplib/fnaninf.s                       0x00000000   Number         0  fnaninf.o ABSOLUTE
    ../fplib/fpinit.s                        0x00000000   Number         0  fpinit.o ABSOLUTE
    ../fplib/fretinf.s                       0x00000000   Number         0  fretinf.o ABSOLUTE
    ../fplib/retnan.s                        0x00000000   Number         0  retnan.o ABSOLUTE
    ../fplib/scalbnf.s                       0x00000000   Number         0  scalbnf.o ABSOLUTE
    ../fplib/trapv.s                         0x00000000   Number         0  trapv.o ABSOLUTE
    ../fplib/usenofp.s                       0x00000000   Number         0  usenofp.o ABSOLUTE
    ..\Core\Src\main.c                       0x00000000   Number         0  main.o ABSOLUTE
    ..\Core\Src\stm32f1xx_hal_msp.c          0x00000000   Number         0  stm32f1xx_hal_msp.o ABSOLUTE
    ..\Core\Src\stm32f1xx_it.c               0x00000000   Number         0  stm32f1xx_it.o ABSOLUTE
    ..\Core\Src\system_stm32f1xx.c           0x00000000   Number         0  system_stm32f1xx.o ABSOLUTE
    ..\Drivers\STM32F1xx_HAL_Driver\Src\stm32f1xx_hal.c 0x00000000   Number         0  stm32f1xx_hal.o ABSOLUTE
    ..\Drivers\STM32F1xx_HAL_Driver\Src\stm32f1xx_hal_cortex.c 0x00000000   Number         0  stm32f1xx_hal_cortex.o ABSOLUTE
    ..\Drivers\STM32F1xx_HAL_Driver\Src\stm32f1xx_hal_dma.c 0x00000000   Number         0  stm32f1xx_hal_dma.o ABSOLUTE
    ..\Drivers\STM32F1xx_HAL_Driver\Src\stm32f1xx_hal_exti.c 0x00000000   Number         0  stm32f1xx_hal_exti.o ABSOLUTE
    ..\Drivers\STM32F1xx_HAL_Driver\Src\stm32f1xx_hal_flash.c 0x00000000   Number         0  stm32f1xx_hal_flash.o ABSOLUTE
    ..\Drivers\STM32F1xx_HAL_Driver\Src\stm32f1xx_hal_flash_ex.c 0x00000000   Number         0  stm32f1xx_hal_flash_ex.o ABSOLUTE
    ..\Drivers\STM32F1xx_HAL_Driver\Src\stm32f1xx_hal_gpio.c 0x00000000   Number         0  stm32f1xx_hal_gpio.o ABSOLUTE
    ..\Drivers\STM32F1xx_HAL_Driver\Src\stm32f1xx_hal_gpio_ex.c 0x00000000   Number         0  stm32f1xx_hal_gpio_ex.o ABSOLUTE
    ..\Drivers\STM32F1xx_HAL_Driver\Src\stm32f1xx_hal_pwr.c 0x00000000   Number         0  stm32f1xx_hal_pwr.o ABSOLUTE
    ..\Drivers\STM32F1xx_HAL_Driver\Src\stm32f1xx_hal_rcc.c 0x00000000   Number         0  stm32f1xx_hal_rcc.o ABSOLUTE
    ..\Drivers\STM32F1xx_HAL_Driver\Src\stm32f1xx_hal_rcc_ex.c 0x00000000   Number         0  stm32f1xx_hal_rcc_ex.o ABSOLUTE
    ..\Drivers\STM32F1xx_HAL_Driver\Src\stm32f1xx_hal_tim.c 0x00000000   Number         0  stm32f1xx_hal_tim.o ABSOLUTE
    ..\Drivers\STM32F1xx_HAL_Driver\Src\stm32f1xx_hal_tim_ex.c 0x00000000   Number         0  stm32f1xx_hal_tim_ex.o ABSOLUTE
    ..\Drivers\STM32F1xx_HAL_Driver\Src\stm32f1xx_hal_uart.c 0x00000000   Number         0  stm32f1xx_hal_uart.o ABSOLUTE
    dc.s                                     0x00000000   Number         0  dc.o ABSOLUTE
    startup_stm32f103xb.s                    0x00000000   Number         0  startup_stm32f103xb.o ABSOLUTE
    RESET                                    0x08000000   Section      236  startup_stm32f103xb.o(RESET)
    !!!main                                  0x080000ec   Section        8  __main.o(!!!main)
    !!!scatter                               0x080000f4   Section       52  __scatter.o(!!!scatter)
    !!handler_copy                           0x08000128   Section       26  __scatter_copy.o(!!handler_copy)
    !!handler_zi                             0x08000144   Section       28  __scatter_zi.o(!!handler_zi)
    .ARM.Collect$$libinit$$00000000          0x08000160   Section        2  libinit.o(.ARM.Collect$$libinit$$00000000)
    .ARM.Collect$$libinit$$00000002          0x08000162   Section        0  libinit2.o(.ARM.Collect$$libinit$$00000002)
    .ARM.Collect$$libinit$$00000004          0x08000162   Section        0  libinit2.o(.ARM.Collect$$libinit$$00000004)
    .ARM.Collect$$libinit$$0000000A          0x08000162   Section        0  libinit2.o(.ARM.Collect$$libinit$$0000000A)
    .ARM.Collect$$libinit$$0000000C          0x08000162   Section        0  libinit2.o(.ARM.Collect$$libinit$$0000000C)
    .ARM.Collect$$libinit$$0000000E          0x08000162   Section        0  libinit2.o(.ARM.Collect$$libinit$$0000000E)
    .ARM.Collect$$libinit$$00000011          0x08000162   Section        0  libinit2.o(.ARM.Collect$$libinit$$00000011)
    .ARM.Collect$$libinit$$00000013          0x08000162   Section        0  libinit2.o(.ARM.Collect$$libinit$$00000013)
    .ARM.Collect$$libinit$$00000015          0x08000162   Section        0  libinit2.o(.ARM.Collect$$libinit$$00000015)
    .ARM.Collect$$libinit$$00000017          0x08000162   Section        0  libinit2.o(.ARM.Collect$$libinit$$00000017)
    .ARM.Collect$$libinit$$00000019          0x08000162   Section        0  libinit2.o(.ARM.Collect$$libinit$$00000019)
    .ARM.Collect$$libinit$$0000001B          0x08000162   Section        0  libinit2.o(.ARM.Collect$$libinit$$0000001B)
    .ARM.Collect$$libinit$$0000001D          0x08000162   Section        0  libinit2.o(.ARM.Collect$$libinit$$0000001D)
    .ARM.Collect$$libinit$$0000001F          0x08000162   Section        0  libinit2.o(.ARM.Collect$$libinit$$0000001F)
    .ARM.Collect$$libinit$$00000021          0x08000162   Section        0  libinit2.o(.ARM.Collect$$libinit$$00000021)
    .ARM.Collect$$libinit$$00000023          0x08000162   Section        0  libinit2.o(.ARM.Collect$$libinit$$00000023)
    .ARM.Collect$$libinit$$00000025          0x08000162   Section        0  libinit2.o(.ARM.Collect$$libinit$$00000025)
    .ARM.Collect$$libinit$$0000002C          0x08000162   Section        0  libinit2.o(.ARM.Collect$$libinit$$0000002C)
    .ARM.Collect$$libinit$$0000002E          0x08000162   Section        0  libinit2.o(.ARM.Collect$$libinit$$0000002E)
    .ARM.Collect$$libinit$$00000030          0x08000162   Section        0  libinit2.o(.ARM.Collect$$libinit$$00000030)
    .ARM.Collect$$libinit$$00000032          0x08000162   Section        0  libinit2.o(.ARM.Collect$$libinit$$00000032)
    .ARM.Collect$$libinit$$00000033          0x08000162   Section        2  libinit2.o(.ARM.Collect$$libinit$$00000033)
    .ARM.Collect$$libshutdown$$00000000      0x08000164   Section        2  libshutdown.o(.ARM.Collect$$libshutdown$$00000000)
    .ARM.Collect$$libshutdown$$00000002      0x08000166   Section        0  libshutdown2.o(.ARM.Collect$$libshutdown$$00000002)
    .ARM.Collect$$libshutdown$$00000004      0x08000166   Section        0  libshutdown2.o(.ARM.Collect$$libshutdown$$00000004)
    .ARM.Collect$$libshutdown$$00000006      0x08000166   Section        0  libshutdown2.o(.ARM.Collect$$libshutdown$$00000006)
    .ARM.Collect$$libshutdown$$00000009      0x08000166   Section        0  libshutdown2.o(.ARM.Collect$$libshutdown$$00000009)
    .ARM.Collect$$libshutdown$$0000000C      0x08000166   Section        0  libshutdown2.o(.ARM.Collect$$libshutdown$$0000000C)
    .ARM.Collect$$libshutdown$$0000000E      0x08000166   Section        0  libshutdown2.o(.ARM.Collect$$libshutdown$$0000000E)
    .ARM.Collect$$libshutdown$$00000011      0x08000166   Section        0  libshutdown2.o(.ARM.Collect$$libshutdown$$00000011)
    .ARM.Collect$$libshutdown$$00000012      0x08000166   Section        2  libshutdown2.o(.ARM.Collect$$libshutdown$$00000012)
    .ARM.Collect$$rtentry$$00000000          0x08000168   Section        0  __rtentry.o(.ARM.Collect$$rtentry$$00000000)
    .ARM.Collect$$rtentry$$00000002          0x08000168   Section        0  __rtentry2.o(.ARM.Collect$$rtentry$$00000002)
    .ARM.Collect$$rtentry$$00000004          0x08000168   Section        6  __rtentry4.o(.ARM.Collect$$rtentry$$00000004)
    .ARM.Collect$$rtentry$$00000009          0x0800016e   Section        0  __rtentry2.o(.ARM.Collect$$rtentry$$00000009)
    .ARM.Collect$$rtentry$$0000000A          0x0800016e   Section        4  __rtentry2.o(.ARM.Collect$$rtentry$$0000000A)
    .ARM.Collect$$rtentry$$0000000C          0x08000172   Section        0  __rtentry2.o(.ARM.Collect$$rtentry$$0000000C)
    .ARM.Collect$$rtentry$$0000000D          0x08000172   Section        8  __rtentry2.o(.ARM.Collect$$rtentry$$0000000D)
    .ARM.Collect$$rtexit$$00000000           0x0800017a   Section        2  rtexit.o(.ARM.Collect$$rtexit$$00000000)
    .ARM.Collect$$rtexit$$00000002           0x0800017c   Section        0  rtexit2.o(.ARM.Collect$$rtexit$$00000002)
    .ARM.Collect$$rtexit$$00000003           0x0800017c   Section        4  rtexit2.o(.ARM.Collect$$rtexit$$00000003)
    .ARM.Collect$$rtexit$$00000004           0x08000180   Section        6  rtexit2.o(.ARM.Collect$$rtexit$$00000004)
    .text                                    0x08000188   Section       64  startup_stm32f103xb.o(.text)
    .text                                    0x080001c8   Section       78  rt_memclr_w.o(.text)
    .text                                    0x08000216   Section        0  heapauxi.o(.text)
    .text                                    0x0800021c   Section       74  sys_stackheap_outer.o(.text)
    .text                                    0x08000266   Section        0  exit.o(.text)
    .text                                    0x08000278   Section        8  libspace.o(.text)
    .text                                    0x08000280   Section        0  sys_exit.o(.text)
    .text                                    0x0800028c   Section        2  use_no_semi.o(.text)
    .text                                    0x0800028e   Section        0  indicate_semi.o(.text)
    i.BusFault_Handler                       0x0800028e   Section        0  stm32f1xx_it.o(i.BusFault_Handler)
    i.DebugMon_Handler                       0x08000290   Section        0  stm32f1xx_it.o(i.DebugMon_Handler)
    i.EXTI15_10_IRQHandler                   0x08000292   Section        0  stm32f1xx_it.o(i.EXTI15_10_IRQHandler)
    i.HAL_DMA_Abort                          0x0800029a   Section        0  stm32f1xx_hal_dma.o(i.HAL_DMA_Abort)
    i.HAL_DMA_Abort_IT                       0x080002e0   Section        0  stm32f1xx_hal_dma.o(i.HAL_DMA_Abort_IT)
    i.HAL_Delay                              0x08000378   Section        0  stm32f1xx_hal.o(i.HAL_Delay)
    i.HAL_GPIO_EXTI_Callback                 0x0800039c   Section        0  main.o(i.HAL_GPIO_EXTI_Callback)
    i.HAL_GPIO_EXTI_IRQHandler               0x080003c4   Section        0  stm32f1xx_hal_gpio.o(i.HAL_GPIO_EXTI_IRQHandler)
    i.HAL_GPIO_Init                          0x080003dc   Section        0  stm32f1xx_hal_gpio.o(i.HAL_GPIO_Init)
    i.HAL_GPIO_ReadPin                       0x080005bc   Section        0  stm32f1xx_hal_gpio.o(i.HAL_GPIO_ReadPin)
    i.HAL_GPIO_WritePin                      0x080005c6   Section        0  stm32f1xx_hal_gpio.o(i.HAL_GPIO_WritePin)
    i.HAL_GetTick                            0x080005d0   Section        0  stm32f1xx_hal.o(i.HAL_GetTick)
    i.HAL_IncTick                            0x080005dc   Section        0  stm32f1xx_hal.o(i.HAL_IncTick)
    i.HAL_Init                               0x080005ec   Section        0  stm32f1xx_hal.o(i.HAL_Init)
    i.HAL_InitTick                           0x08000610   Section        0  stm32f1xx_hal.o(i.HAL_InitTick)
    i.HAL_MspInit                            0x08000650   Section        0  stm32f1xx_hal_msp.o(i.HAL_MspInit)
    i.HAL_NVIC_EnableIRQ                     0x0800068c   Section        0  stm32f1xx_hal_cortex.o(i.HAL_NVIC_EnableIRQ)
    i.HAL_NVIC_SetPriority                   0x080006a8   Section        0  stm32f1xx_hal_cortex.o(i.HAL_NVIC_SetPriority)
    i.HAL_NVIC_SetPriorityGrouping           0x080006e8   Section        0  stm32f1xx_hal_cortex.o(i.HAL_NVIC_SetPriorityGrouping)
    i.HAL_RCC_ClockConfig                    0x0800070c   Section        0  stm32f1xx_hal_rcc.o(i.HAL_RCC_ClockConfig)
    i.HAL_RCC_GetPCLK1Freq                   0x08000838   Section        0  stm32f1xx_hal_rcc.o(i.HAL_RCC_GetPCLK1Freq)
    i.HAL_RCC_GetPCLK2Freq                   0x08000858   Section        0  stm32f1xx_hal_rcc.o(i.HAL_RCC_GetPCLK2Freq)
    i.HAL_RCC_GetSysClockFreq                0x08000878   Section        0  stm32f1xx_hal_rcc.o(i.HAL_RCC_GetSysClockFreq)
    i.HAL_RCC_OscConfig                      0x080008e4   Section        0  stm32f1xx_hal_rcc.o(i.HAL_RCC_OscConfig)
    i.HAL_SYSTICK_Config                     0x08000c04   Section        0  stm32f1xx_hal_cortex.o(i.HAL_SYSTICK_Config)
    i.HAL_TIMEx_BreakCallback                0x08000c2c   Section        0  stm32f1xx_hal_tim_ex.o(i.HAL_TIMEx_BreakCallback)
    i.HAL_TIMEx_CommutCallback               0x08000c2e   Section        0  stm32f1xx_hal_tim_ex.o(i.HAL_TIMEx_CommutCallback)
    i.HAL_TIMEx_MasterConfigSynchronization  0x08000c30   Section        0  stm32f1xx_hal_tim_ex.o(i.HAL_TIMEx_MasterConfigSynchronization)
    i.HAL_TIM_Base_Init                      0x08000c98   Section        0  stm32f1xx_hal_tim.o(i.HAL_TIM_Base_Init)
    i.HAL_TIM_Base_MspInit                   0x08000cf4   Section        0  stm32f1xx_hal_msp.o(i.HAL_TIM_Base_MspInit)
    i.HAL_TIM_Base_Start_IT                  0x08000d44   Section        0  stm32f1xx_hal_tim.o(i.HAL_TIM_Base_Start_IT)
    i.HAL_TIM_ConfigClockSource              0x08000d9c   Section        0  stm32f1xx_hal_tim.o(i.HAL_TIM_ConfigClockSource)
    i.HAL_TIM_IC_CaptureCallback             0x08000e72   Section        0  stm32f1xx_hal_tim.o(i.HAL_TIM_IC_CaptureCallback)
    i.HAL_TIM_IRQHandler                     0x08000e74   Section        0  stm32f1xx_hal_tim.o(i.HAL_TIM_IRQHandler)
    i.HAL_TIM_MspPostInit                    0x08000fdc   Section        0  stm32f1xx_hal_msp.o(i.HAL_TIM_MspPostInit)
    i.HAL_TIM_OC_DelayElapsedCallback        0x08001024   Section        0  stm32f1xx_hal_tim.o(i.HAL_TIM_OC_DelayElapsedCallback)
    i.HAL_TIM_PWM_ConfigChannel              0x08001026   Section        0  stm32f1xx_hal_tim.o(i.HAL_TIM_PWM_ConfigChannel)
    i.HAL_TIM_PWM_Init                       0x080010ec   Section        0  stm32f1xx_hal_tim.o(i.HAL_TIM_PWM_Init)
    i.HAL_TIM_PWM_MspInit                    0x08001146   Section        0  stm32f1xx_hal_tim.o(i.HAL_TIM_PWM_MspInit)
    i.HAL_TIM_PWM_PulseFinishedCallback      0x08001148   Section        0  stm32f1xx_hal_tim.o(i.HAL_TIM_PWM_PulseFinishedCallback)
    i.HAL_TIM_PWM_Start                      0x0800114c   Section        0  stm32f1xx_hal_tim.o(i.HAL_TIM_PWM_Start)
    i.HAL_TIM_PeriodElapsedCallback          0x080011e8   Section        0  main.o(i.HAL_TIM_PeriodElapsedCallback)
    i.HAL_TIM_TriggerCallback                0x08001618   Section        0  stm32f1xx_hal_tim.o(i.HAL_TIM_TriggerCallback)
    i.HAL_UARTEx_RxEventCallback             0x0800161a   Section        0  stm32f1xx_hal_uart.o(i.HAL_UARTEx_RxEventCallback)
    i.HAL_UART_ErrorCallback                 0x0800161c   Section        0  main.o(i.HAL_UART_ErrorCallback)
    i.HAL_UART_IRQHandler                    0x08001764   Section        0  stm32f1xx_hal_uart.o(i.HAL_UART_IRQHandler)
    i.HAL_UART_Init                          0x08001970   Section        0  stm32f1xx_hal_uart.o(i.HAL_UART_Init)
    i.HAL_UART_MspInit                       0x080019d4   Section        0  stm32f1xx_hal_msp.o(i.HAL_UART_MspInit)
    i.HAL_UART_Receive_IT                    0x08001a54   Section        0  stm32f1xx_hal_uart.o(i.HAL_UART_Receive_IT)
    i.HAL_UART_RxCpltCallback                0x08001a80   Section        0  main.o(i.HAL_UART_RxCpltCallback)
    i.HAL_UART_TxCpltCallback                0x08001ac8   Section        0  stm32f1xx_hal_uart.o(i.HAL_UART_TxCpltCallback)
    i.HardFault_Handler                      0x08001aca   Section        0  stm32f1xx_it.o(i.HardFault_Handler)
    i.MX_GPIO_Init                           0x08001acc   Section        0  main.o(i.MX_GPIO_Init)
    MX_GPIO_Init                             0x08001acd   Thumb Code   248  main.o(i.MX_GPIO_Init)
    i.MX_TIM1_Init                           0x08001bd8   Section        0  main.o(i.MX_TIM1_Init)
    MX_TIM1_Init                             0x08001bd9   Thumb Code    96  main.o(i.MX_TIM1_Init)
    i.MX_TIM2_Init                           0x08001c40   Section        0  main.o(i.MX_TIM2_Init)
    MX_TIM2_Init                             0x08001c41   Thumb Code   174  main.o(i.MX_TIM2_Init)
    i.MemManage_Handler                      0x08001cf4   Section        0  stm32f1xx_it.o(i.MemManage_Handler)
    i.NMI_Handler                            0x08001cf6   Section        0  stm32f1xx_it.o(i.NMI_Handler)
    i.PendSV_Handler                         0x08001cf8   Section        0  stm32f1xx_it.o(i.PendSV_Handler)
    i.SVC_Handler                            0x08001cfa   Section        0  stm32f1xx_it.o(i.SVC_Handler)
    i.SysTick_Handler                        0x08001cfc   Section        0  stm32f1xx_it.o(i.SysTick_Handler)
    i.SystemClock_Config                     0x08001d00   Section        0  main.o(i.SystemClock_Config)
    i.SystemInit                             0x08001d5e   Section        0  system_stm32f1xx.o(i.SystemInit)
    i.TIM1_UP_IRQHandler                     0x08001d60   Section        0  stm32f1xx_it.o(i.TIM1_UP_IRQHandler)
    i.TIM_Base_SetConfig                     0x08001d6c   Section        0  stm32f1xx_hal_tim.o(i.TIM_Base_SetConfig)
    i.TIM_CCxChannelCmd                      0x08001dd8   Section        0  stm32f1xx_hal_tim.o(i.TIM_CCxChannelCmd)
    i.TIM_ETR_SetConfig                      0x08001df2   Section        0  stm32f1xx_hal_tim.o(i.TIM_ETR_SetConfig)
    i.TIM_ITRx_SetConfig                     0x08001e06   Section        0  stm32f1xx_hal_tim.o(i.TIM_ITRx_SetConfig)
    TIM_ITRx_SetConfig                       0x08001e07   Thumb Code    16  stm32f1xx_hal_tim.o(i.TIM_ITRx_SetConfig)
    i.TIM_OC1_SetConfig                      0x08001e18   Section        0  stm32f1xx_hal_tim.o(i.TIM_OC1_SetConfig)
    TIM_OC1_SetConfig                        0x08001e19   Thumb Code    74  stm32f1xx_hal_tim.o(i.TIM_OC1_SetConfig)
    i.TIM_OC2_SetConfig                      0x08001e68   Section        0  stm32f1xx_hal_tim.o(i.TIM_OC2_SetConfig)
    i.TIM_OC3_SetConfig                      0x08001ec0   Section        0  stm32f1xx_hal_tim.o(i.TIM_OC3_SetConfig)
    TIM_OC3_SetConfig                        0x08001ec1   Thumb Code    82  stm32f1xx_hal_tim.o(i.TIM_OC3_SetConfig)
    i.TIM_OC4_SetConfig                      0x08001f18   Section        0  stm32f1xx_hal_tim.o(i.TIM_OC4_SetConfig)
    TIM_OC4_SetConfig                        0x08001f19   Thumb Code    64  stm32f1xx_hal_tim.o(i.TIM_OC4_SetConfig)
    i.TIM_TI1_ConfigInputStage               0x08001f5c   Section        0  stm32f1xx_hal_tim.o(i.TIM_TI1_ConfigInputStage)
    TIM_TI1_ConfigInputStage                 0x08001f5d   Thumb Code    34  stm32f1xx_hal_tim.o(i.TIM_TI1_ConfigInputStage)
    i.TIM_TI2_ConfigInputStage               0x08001f7e   Section        0  stm32f1xx_hal_tim.o(i.TIM_TI2_ConfigInputStage)
    TIM_TI2_ConfigInputStage                 0x08001f7f   Thumb Code    36  stm32f1xx_hal_tim.o(i.TIM_TI2_ConfigInputStage)
    i.UART_DMAAbortOnError                   0x08001fa2   Section        0  stm32f1xx_hal_uart.o(i.UART_DMAAbortOnError)
    UART_DMAAbortOnError                     0x08001fa3   Thumb Code    16  stm32f1xx_hal_uart.o(i.UART_DMAAbortOnError)
    i.UART_EndRxTransfer                     0x08001fb2   Section        0  stm32f1xx_hal_uart.o(i.UART_EndRxTransfer)
    UART_EndRxTransfer                       0x08001fb3   Thumb Code    48  stm32f1xx_hal_uart.o(i.UART_EndRxTransfer)
    i.UART_Receive_IT                        0x08001fe2   Section        0  stm32f1xx_hal_uart.o(i.UART_Receive_IT)
    UART_Receive_IT                          0x08001fe3   Thumb Code   182  stm32f1xx_hal_uart.o(i.UART_Receive_IT)
    i.UART_SetConfig                         0x08002098   Section        0  stm32f1xx_hal_uart.o(i.UART_SetConfig)
    UART_SetConfig                           0x08002099   Thumb Code   178  stm32f1xx_hal_uart.o(i.UART_SetConfig)
    i.UART_Start_Receive_IT                  0x08002150   Section        0  stm32f1xx_hal_uart.o(i.UART_Start_Receive_IT)
    i.USART1_IRQHandler                      0x08002188   Section        0  stm32f1xx_it.o(i.USART1_IRQHandler)
    i.UsageFault_Handler                     0x08002194   Section        0  stm32f1xx_it.o(i.UsageFault_Handler)
    i.Waiting_End_Move                       0x08002198   Section        0  main.o(i.Waiting_End_Move)
    i.__NVIC_SetPriority                     0x080021b8   Section        0  stm32f1xx_hal_cortex.o(i.__NVIC_SetPriority)
    __NVIC_SetPriority                       0x080021b9   Thumb Code    32  stm32f1xx_hal_cortex.o(i.__NVIC_SetPriority)
    i.main                                   0x080021d8   Section        0  main.o(i.main)
    x$fpl$d2f                                0x08002488   Section       98  d2f.o(x$fpl$d2f)
    x$fpl$dadd                               0x080024ec   Section      336  daddsub_clz.o(x$fpl$dadd)
    _dadd1                                   0x080024fd   Thumb Code     0  daddsub_clz.o(x$fpl$dadd)
    x$fpl$dcmpinf                            0x0800263c   Section       24  dcmpi.o(x$fpl$dcmpinf)
    x$fpl$ddiv                               0x08002654   Section      688  ddiv.o(x$fpl$ddiv)
    ddiv_entry                               0x0800265b   Thumb Code     0  ddiv.o(x$fpl$ddiv)
    x$fpl$deqf                               0x08002904   Section      120  deqf.o(x$fpl$deqf)
    x$fpl$dfltll                             0x0800297c   Section      162  dfltll_clz.o(x$fpl$dfltll)
    x$fpl$dfltu                              0x08002a1e   Section       38  dflt_clz.o(x$fpl$dfltu)
    x$fpl$dleqf                              0x08002a44   Section      120  dleqf.o(x$fpl$dleqf)
    x$fpl$dmul                               0x08002abc   Section      340  dmul.o(x$fpl$dmul)
    x$fpl$dnaninf                            0x08002c10   Section      156  dnaninf.o(x$fpl$dnaninf)
    x$fpl$dretinf                            0x08002cac   Section       12  dretinf.o(x$fpl$dretinf)
    x$fpl$drleqf                             0x08002cb8   Section      108  drleqf.o(x$fpl$drleqf)
    x$fpl$drsb                               0x08002d24   Section       22  daddsub_clz.o(x$fpl$drsb)
    x$fpl$dsub                               0x08002d3c   Section      468  daddsub_clz.o(x$fpl$dsub)
    _dsub1                                   0x08002d4d   Thumb Code     0  daddsub_clz.o(x$fpl$dsub)
    x$fpl$f2d                                0x08002f10   Section       86  f2d.o(x$fpl$f2d)
    x$fpl$fadd                               0x08002f68   Section      196  faddsub_clz.o(x$fpl$fadd)
    _fadd1                                   0x08002f77   Thumb Code     0  faddsub_clz.o(x$fpl$fadd)
    x$fpl$fcheck1                            0x0800302c   Section       12  fcheck1.o(x$fpl$fcheck1)
    x$fpl$fcmpinf                            0x08003038   Section       24  fcmpi.o(x$fpl$fcmpinf)
    x$fpl$fdiv                               0x08003050   Section      388  fdiv.o(x$fpl$fdiv)
    _fdiv1                                   0x08003051   Thumb Code     0  fdiv.o(x$fpl$fdiv)
    x$fpl$fflt                               0x080031d4   Section       48  fflt_clz.o(x$fpl$fflt)
    x$fpl$ffltll                             0x08003204   Section       96  ffltll_clz.o(x$fpl$ffltll)
    x$fpl$fleqf                              0x08003264   Section      104  fleqf.o(x$fpl$fleqf)
    x$fpl$fmul                               0x080032cc   Section      258  fmul.o(x$fpl$fmul)
    x$fpl$fnaninf                            0x080033ce   Section      140  fnaninf.o(x$fpl$fnaninf)
    x$fpl$fretinf                            0x0800345a   Section       10  fretinf.o(x$fpl$fretinf)
    x$fpl$fsub                               0x08003464   Section      234  faddsub_clz.o(x$fpl$fsub)
    _fsub1                                   0x08003473   Thumb Code     0  faddsub_clz.o(x$fpl$fsub)
    x$fpl$llsfromf                           0x08003550   Section      134  ffixll.o(x$fpl$llsfromf)
    x$fpl$retnan                             0x080035d6   Section      100  retnan.o(x$fpl$retnan)
    x$fpl$scalbnf                            0x0800363a   Section       76  scalbnf.o(x$fpl$scalbnf)
    x$fpl$trapveneer                         0x08003686   Section       48  trapv.o(x$fpl$trapveneer)
    .constdata                               0x080036b6   Section       16  system_stm32f1xx.o(.constdata)
    x$fpl$usenofp                            0x080036b6   Section        0  usenofp.o(x$fpl$usenofp)
    .constdata                               0x080036c6   Section        8  system_stm32f1xx.o(.constdata)
    .data                                    0x20000000   Section      112  main.o(.data)
    .data                                    0x20000070   Section       12  stm32f1xx_hal.o(.data)
    .data                                    0x2000007c   Section        4  system_stm32f1xx.o(.data)
    .bss                                     0x20000080   Section      224  main.o(.bss)
    .bss                                     0x20000160   Section       96  libspace.o(.bss)
    HEAP                                     0x200001c0   Section      512  startup_stm32f103xb.o(HEAP)
    Heap_Mem                                 0x200001c0   Data         512  startup_stm32f103xb.o(HEAP)
    STACK                                    0x200003c0   Section     1024  startup_stm32f103xb.o(STACK)
    Stack_Mem                                0x200003c0   Data        1024  startup_stm32f103xb.o(STACK)
    __initial_sp                             0x200007c0   Data           0  startup_stm32f103xb.o(STACK)

    Global Symbols

    Symbol Name                              Value     Ov Type        Size  Object(Section)

    BuildAttributes$$THM_ISAv4$P$D$K$B$S$PE$A:L22UL41UL21$X:L11$S22US41US21$IEEE1$IW$USESV6$~STKCKD$USESV7$~SHL$OSPACE$ROPI$EBA8$UX$STANDARDLIB$REQ8$PRES8$EABIv2 0x00000000   Number         0  anon$$obj.o ABSOLUTE
    __ARM_use_no_argv                        0x00000000   Number         0  main.o ABSOLUTE
    __ARM_exceptions_init                     - Undefined Weak Reference
    __alloca_initialize                       - Undefined Weak Reference
    __arm_fini_                               - Undefined Weak Reference
    __arm_preinit_                            - Undefined Weak Reference
    __cpp_initialize__aeabi_                  - Undefined Weak Reference
    __cxa_finalize                            - Undefined Weak Reference
    __rt_locale                               - Undefined Weak Reference
    __sigvec_lookup                           - Undefined Weak Reference
    _atexit_init                              - Undefined Weak Reference
    _call_atexit_fns                          - Undefined Weak Reference
    _clock_init                               - Undefined Weak Reference
    _fp_trap_init                             - Undefined Weak Reference
    _fp_trap_shutdown                         - Undefined Weak Reference
    _get_lc_collate                           - Undefined Weak Reference
    _get_lc_ctype                             - Undefined Weak Reference
    _get_lc_monetary                          - Undefined Weak Reference
    _get_lc_numeric                           - Undefined Weak Reference
    _get_lc_time                              - Undefined Weak Reference
    _getenv_init                              - Undefined Weak Reference
    _handle_redirection                       - Undefined Weak Reference
    _init_alloc                               - Undefined Weak Reference
    _init_user_alloc                          - Undefined Weak Reference
    _initio                                   - Undefined Weak Reference
    _rand_init                                - Undefined Weak Reference
    _signal_finish                            - Undefined Weak Reference
    _signal_init                              - Undefined Weak Reference
    _terminate_alloc                          - Undefined Weak Reference
    _terminate_user_alloc                     - Undefined Weak Reference
    _terminateio                              - Undefined Weak Reference
    __Vectors_Size                           0x000000ec   Number         0  startup_stm32f103xb.o ABSOLUTE
    __Vectors                                0x08000000   Data           4  startup_stm32f103xb.o(RESET)
    __Vectors_End                            0x080000ec   Data           0  startup_stm32f103xb.o(RESET)
    __main                                   0x080000ed   Thumb Code     8  __main.o(!!!main)
    __scatterload                            0x080000f5   Thumb Code     0  __scatter.o(!!!scatter)
    __scatterload_rt2                        0x080000f5   Thumb Code    44  __scatter.o(!!!scatter)
    __scatterload_rt2_thumb_only             0x080000f5   Thumb Code     0  __scatter.o(!!!scatter)
    __scatterload_null                       0x08000103   Thumb Code     0  __scatter.o(!!!scatter)
    __scatterload_copy                       0x08000129   Thumb Code    26  __scatter_copy.o(!!handler_copy)
    __scatterload_zeroinit                   0x08000145   Thumb Code    28  __scatter_zi.o(!!handler_zi)
    __rt_lib_init                            0x08000161   Thumb Code     0  libinit.o(.ARM.Collect$$libinit$$00000000)
    __rt_lib_init_alloca_1                   0x08000163   Thumb Code     0  libinit2.o(.ARM.Collect$$libinit$$0000002E)
    __rt_lib_init_argv_1                     0x08000163   Thumb Code     0  libinit2.o(.ARM.Collect$$libinit$$0000002C)
    __rt_lib_init_atexit_1                   0x08000163   Thumb Code     0  libinit2.o(.ARM.Collect$$libinit$$0000001B)
    __rt_lib_init_clock_1                    0x08000163   Thumb Code     0  libinit2.o(.ARM.Collect$$libinit$$00000021)
    __rt_lib_init_cpp_1                      0x08000163   Thumb Code     0  libinit2.o(.ARM.Collect$$libinit$$00000032)
    __rt_lib_init_exceptions_1               0x08000163   Thumb Code     0  libinit2.o(.ARM.Collect$$libinit$$00000030)
    __rt_lib_init_fp_1                       0x08000163   Thumb Code     0  libinit2.o(.ARM.Collect$$libinit$$00000002)
    __rt_lib_init_fp_trap_1                  0x08000163   Thumb Code     0  libinit2.o(.ARM.Collect$$libinit$$0000001F)
    __rt_lib_init_getenv_1                   0x08000163   Thumb Code     0  libinit2.o(.ARM.Collect$$libinit$$00000023)
    __rt_lib_init_heap_1                     0x08000163   Thumb Code     0  libinit2.o(.ARM.Collect$$libinit$$0000000A)
    __rt_lib_init_lc_collate_1               0x08000163   Thumb Code     0  libinit2.o(.ARM.Collect$$libinit$$00000011)
    __rt_lib_init_lc_ctype_1                 0x08000163   Thumb Code     0  libinit2.o(.ARM.Collect$$libinit$$00000013)
    __rt_lib_init_lc_monetary_1              0x08000163   Thumb Code     0  libinit2.o(.ARM.Collect$$libinit$$00000015)
    __rt_lib_init_lc_numeric_1               0x08000163   Thumb Code     0  libinit2.o(.ARM.Collect$$libinit$$00000017)
    __rt_lib_init_lc_time_1                  0x08000163   Thumb Code     0  libinit2.o(.ARM.Collect$$libinit$$00000019)
    __rt_lib_init_preinit_1                  0x08000163   Thumb Code     0  libinit2.o(.ARM.Collect$$libinit$$00000004)
    __rt_lib_init_rand_1                     0x08000163   Thumb Code     0  libinit2.o(.ARM.Collect$$libinit$$0000000E)
    __rt_lib_init_return                     0x08000163   Thumb Code     0  libinit2.o(.ARM.Collect$$libinit$$00000033)
    __rt_lib_init_signal_1                   0x08000163   Thumb Code     0  libinit2.o(.ARM.Collect$$libinit$$0000001D)
    __rt_lib_init_stdio_1                    0x08000163   Thumb Code     0  libinit2.o(.ARM.Collect$$libinit$$00000025)
    __rt_lib_init_user_alloc_1               0x08000163   Thumb Code     0  libinit2.o(.ARM.Collect$$libinit$$0000000C)
    __rt_lib_shutdown                        0x08000165   Thumb Code     0  libshutdown.o(.ARM.Collect$$libshutdown$$00000000)
    __rt_lib_shutdown_cpp_1                  0x08000167   Thumb Code     0  libshutdown2.o(.ARM.Collect$$libshutdown$$00000004)
    __rt_lib_shutdown_fini_1                 0x08000167   Thumb Code     0  libshutdown2.o(.ARM.Collect$$libshutdown$$00000002)
    __rt_lib_shutdown_fp_trap_1              0x08000167   Thumb Code     0  libshutdown2.o(.ARM.Collect$$libshutdown$$00000009)
    __rt_lib_shutdown_heap_1                 0x08000167   Thumb Code     0  libshutdown2.o(.ARM.Collect$$libshutdown$$00000011)
    __rt_lib_shutdown_return                 0x08000167   Thumb Code     0  libshutdown2.o(.ARM.Collect$$libshutdown$$00000012)
    __rt_lib_shutdown_signal_1               0x08000167   Thumb Code     0  libshutdown2.o(.ARM.Collect$$libshutdown$$0000000C)
    __rt_lib_shutdown_stdio_1                0x08000167   Thumb Code     0  libshutdown2.o(.ARM.Collect$$libshutdown$$00000006)
    __rt_lib_shutdown_user_alloc_1           0x08000167   Thumb Code     0  libshutdown2.o(.ARM.Collect$$libshutdown$$0000000E)
    __rt_entry                               0x08000169   Thumb Code     0  __rtentry.o(.ARM.Collect$$rtentry$$00000000)
    __rt_entry_presh_1                       0x08000169   Thumb Code     0  __rtentry2.o(.ARM.Collect$$rtentry$$00000002)
    __rt_entry_sh                            0x08000169   Thumb Code     0  __rtentry4.o(.ARM.Collect$$rtentry$$00000004)
    __rt_entry_li                            0x0800016f   Thumb Code     0  __rtentry2.o(.ARM.Collect$$rtentry$$0000000A)
    __rt_entry_postsh_1                      0x0800016f   Thumb Code     0  __rtentry2.o(.ARM.Collect$$rtentry$$00000009)
    __rt_entry_main                          0x08000173   Thumb Code     0  __rtentry2.o(.ARM.Collect$$rtentry$$0000000D)
    __rt_entry_postli_1                      0x08000173   Thumb Code     0  __rtentry2.o(.ARM.Collect$$rtentry$$0000000C)
    __rt_exit                                0x0800017b   Thumb Code     0  rtexit.o(.ARM.Collect$$rtexit$$00000000)
    __rt_exit_ls                             0x0800017d   Thumb Code     0  rtexit2.o(.ARM.Collect$$rtexit$$00000003)
    __rt_exit_prels_1                        0x0800017d   Thumb Code     0  rtexit2.o(.ARM.Collect$$rtexit$$00000002)
    __rt_exit_exit                           0x08000181   Thumb Code     0  rtexit2.o(.ARM.Collect$$rtexit$$00000004)
    Reset_Handler                            0x08000189   Thumb Code     8  startup_stm32f103xb.o(.text)
    ADC1_2_IRQHandler                        0x080001a3   Thumb Code     0  startup_stm32f103xb.o(.text)
    CAN1_RX1_IRQHandler                      0x080001a3   Thumb Code     0  startup_stm32f103xb.o(.text)
    CAN1_SCE_IRQHandler                      0x080001a3   Thumb Code     0  startup_stm32f103xb.o(.text)
    DMA1_Channel1_IRQHandler                 0x080001a3   Thumb Code     0  startup_stm32f103xb.o(.text)
    DMA1_Channel2_IRQHandler                 0x080001a3   Thumb Code     0  startup_stm32f103xb.o(.text)
    DMA1_Channel3_IRQHandler                 0x080001a3   Thumb Code     0  startup_stm32f103xb.o(.text)
    DMA1_Channel4_IRQHandler                 0x080001a3   Thumb Code     0  startup_stm32f103xb.o(.text)
    DMA1_Channel5_IRQHandler                 0x080001a3   Thumb Code     0  startup_stm32f103xb.o(.text)
    DMA1_Channel6_IRQHandler                 0x080001a3   Thumb Code     0  startup_stm32f103xb.o(.text)
    DMA1_Channel7_IRQHandler                 0x080001a3   Thumb Code     0  startup_stm32f103xb.o(.text)
    EXTI0_IRQHandler                         0x080001a3   Thumb Code     0  startup_stm32f103xb.o(.text)
    EXTI1_IRQHandler                         0x080001a3   Thumb Code     0  startup_stm32f103xb.o(.text)
    EXTI2_IRQHandler                         0x080001a3   Thumb Code     0  startup_stm32f103xb.o(.text)
    EXTI3_IRQHandler                         0x080001a3   Thumb Code     0  startup_stm32f103xb.o(.text)
    EXTI4_IRQHandler                         0x080001a3   Thumb Code     0  startup_stm32f103xb.o(.text)
    EXTI9_5_IRQHandler                       0x080001a3   Thumb Code     0  startup_stm32f103xb.o(.text)
    FLASH_IRQHandler                         0x080001a3   Thumb Code     0  startup_stm32f103xb.o(.text)
    I2C1_ER_IRQHandler                       0x080001a3   Thumb Code     0  startup_stm32f103xb.o(.text)
    I2C1_EV_IRQHandler                       0x080001a3   Thumb Code     0  startup_stm32f103xb.o(.text)
    I2C2_ER_IRQHandler                       0x080001a3   Thumb Code     0  startup_stm32f103xb.o(.text)
    I2C2_EV_IRQHandler                       0x080001a3   Thumb Code     0  startup_stm32f103xb.o(.text)
    PVD_IRQHandler                           0x080001a3   Thumb Code     0  startup_stm32f103xb.o(.text)
    RCC_IRQHandler                           0x080001a3   Thumb Code     0  startup_stm32f103xb.o(.text)
    RTC_Alarm_IRQHandler                     0x080001a3   Thumb Code     0  startup_stm32f103xb.o(.text)
    RTC_IRQHandler                           0x080001a3   Thumb Code     0  startup_stm32f103xb.o(.text)
    SPI1_IRQHandler                          0x080001a3   Thumb Code     0  startup_stm32f103xb.o(.text)
    SPI2_IRQHandler                          0x080001a3   Thumb Code     0  startup_stm32f103xb.o(.text)
    TAMPER_IRQHandler                        0x080001a3   Thumb Code     0  startup_stm32f103xb.o(.text)
    TIM1_BRK_IRQHandler                      0x080001a3   Thumb Code     0  startup_stm32f103xb.o(.text)
    TIM1_CC_IRQHandler                       0x080001a3   Thumb Code     0  startup_stm32f103xb.o(.text)
    TIM1_TRG_COM_IRQHandler                  0x080001a3   Thumb Code     0  startup_stm32f103xb.o(.text)
    TIM2_IRQHandler                          0x080001a3   Thumb Code     0  startup_stm32f103xb.o(.text)
    TIM3_IRQHandler                          0x080001a3   Thumb Code     0  startup_stm32f103xb.o(.text)
    TIM4_IRQHandler                          0x080001a3   Thumb Code     0  startup_stm32f103xb.o(.text)
    USART2_IRQHandler                        0x080001a3   Thumb Code     0  startup_stm32f103xb.o(.text)
    USART3_IRQHandler                        0x080001a3   Thumb Code     0  startup_stm32f103xb.o(.text)
    USBWakeUp_IRQHandler                     0x080001a3   Thumb Code     0  startup_stm32f103xb.o(.text)
    USB_HP_CAN1_TX_IRQHandler                0x080001a3   Thumb Code     0  startup_stm32f103xb.o(.text)
    USB_LP_CAN1_RX0_IRQHandler               0x080001a3   Thumb Code     0  startup_stm32f103xb.o(.text)
    WWDG_IRQHandler                          0x080001a3   Thumb Code     0  startup_stm32f103xb.o(.text)
    __user_initial_stackheap                 0x080001a5   Thumb Code     0  startup_stm32f103xb.o(.text)
    __aeabi_memclr4                          0x080001c9   Thumb Code     0  rt_memclr_w.o(.text)
    __aeabi_memclr8                          0x080001c9   Thumb Code     0  rt_memclr_w.o(.text)
    __rt_memclr_w                            0x080001c9   Thumb Code    78  rt_memclr_w.o(.text)
    _memset_w                                0x080001cd   Thumb Code     0  rt_memclr_w.o(.text)
    __use_two_region_memory                  0x08000217   Thumb Code     2  heapauxi.o(.text)
    __rt_heap_escrow$2region                 0x08000219   Thumb Code     2  heapauxi.o(.text)
    __rt_heap_expand$2region                 0x0800021b   Thumb Code     2  heapauxi.o(.text)
    __user_setup_stackheap                   0x0800021d   Thumb Code    74  sys_stackheap_outer.o(.text)
    exit                                     0x08000267   Thumb Code    18  exit.o(.text)
    __user_libspace                          0x08000279   Thumb Code     8  libspace.o(.text)
    __user_perproc_libspace                  0x08000279   Thumb Code     0  libspace.o(.text)
    __user_perthread_libspace                0x08000279   Thumb Code     0  libspace.o(.text)
    _sys_exit                                0x08000281   Thumb Code     8  sys_exit.o(.text)
    __I$use$semihosting                      0x0800028d   Thumb Code     0  use_no_semi.o(.text)
    __use_no_semihosting_swi                 0x0800028d   Thumb Code     2  use_no_semi.o(.text)
    BusFault_Handler                         0x0800028f   Thumb Code     2  stm32f1xx_it.o(i.BusFault_Handler)
    __semihosting_library_function           0x0800028f   Thumb Code     0  indicate_semi.o(.text)
    DebugMon_Handler                         0x08000291   Thumb Code     2  stm32f1xx_it.o(i.DebugMon_Handler)
    EXTI15_10_IRQHandler                     0x08000293   Thumb Code     8  stm32f1xx_it.o(i.EXTI15_10_IRQHandler)
    HAL_DMA_Abort                            0x0800029b   Thumb Code    70  stm32f1xx_hal_dma.o(i.HAL_DMA_Abort)
    HAL_DMA_Abort_IT                         0x080002e1   Thumb Code   148  stm32f1xx_hal_dma.o(i.HAL_DMA_Abort_IT)
    HAL_Delay                                0x08000379   Thumb Code    32  stm32f1xx_hal.o(i.HAL_Delay)
    HAL_GPIO_EXTI_Callback                   0x0800039d   Thumb Code    34  main.o(i.HAL_GPIO_EXTI_Callback)
    HAL_GPIO_EXTI_IRQHandler                 0x080003c5   Thumb Code    18  stm32f1xx_hal_gpio.o(i.HAL_GPIO_EXTI_IRQHandler)
    HAL_GPIO_Init                            0x080003dd   Thumb Code   446  stm32f1xx_hal_gpio.o(i.HAL_GPIO_Init)
    HAL_GPIO_ReadPin                         0x080005bd   Thumb Code    10  stm32f1xx_hal_gpio.o(i.HAL_GPIO_ReadPin)
    HAL_GPIO_WritePin                        0x080005c7   Thumb Code    10  stm32f1xx_hal_gpio.o(i.HAL_GPIO_WritePin)
    HAL_GetTick                              0x080005d1   Thumb Code     6  stm32f1xx_hal.o(i.HAL_GetTick)
    HAL_IncTick                              0x080005dd   Thumb Code    12  stm32f1xx_hal.o(i.HAL_IncTick)
    HAL_Init                                 0x080005ed   Thumb Code    32  stm32f1xx_hal.o(i.HAL_Init)
    HAL_InitTick                             0x08000611   Thumb Code    54  stm32f1xx_hal.o(i.HAL_InitTick)
    HAL_MspInit                              0x08000651   Thumb Code    52  stm32f1xx_hal_msp.o(i.HAL_MspInit)
    HAL_NVIC_EnableIRQ                       0x0800068d   Thumb Code    26  stm32f1xx_hal_cortex.o(i.HAL_NVIC_EnableIRQ)
    HAL_NVIC_SetPriority                     0x080006a9   Thumb Code    60  stm32f1xx_hal_cortex.o(i.HAL_NVIC_SetPriority)
    HAL_NVIC_SetPriorityGrouping             0x080006e9   Thumb Code    26  stm32f1xx_hal_cortex.o(i.HAL_NVIC_SetPriorityGrouping)
    HAL_RCC_ClockConfig                      0x0800070d   Thumb Code   280  stm32f1xx_hal_rcc.o(i.HAL_RCC_ClockConfig)
    HAL_RCC_GetPCLK1Freq                     0x08000839   Thumb Code    20  stm32f1xx_hal_rcc.o(i.HAL_RCC_GetPCLK1Freq)
    HAL_RCC_GetPCLK2Freq                     0x08000859   Thumb Code    20  stm32f1xx_hal_rcc.o(i.HAL_RCC_GetPCLK2Freq)
    HAL_RCC_GetSysClockFreq                  0x08000879   Thumb Code    74  stm32f1xx_hal_rcc.o(i.HAL_RCC_GetSysClockFreq)
    HAL_RCC_OscConfig                        0x080008e5   Thumb Code   778  stm32f1xx_hal_rcc.o(i.HAL_RCC_OscConfig)
    HAL_SYSTICK_Config                       0x08000c05   Thumb Code    40  stm32f1xx_hal_cortex.o(i.HAL_SYSTICK_Config)
    HAL_TIMEx_BreakCallback                  0x08000c2d   Thumb Code     2  stm32f1xx_hal_tim_ex.o(i.HAL_TIMEx_BreakCallback)
    HAL_TIMEx_CommutCallback                 0x08000c2f   Thumb Code     2  stm32f1xx_hal_tim_ex.o(i.HAL_TIMEx_CommutCallback)
    HAL_TIMEx_MasterConfigSynchronization    0x08000c31   Thumb Code    92  stm32f1xx_hal_tim_ex.o(i.HAL_TIMEx_MasterConfigSynchronization)
    HAL_TIM_Base_Init                        0x08000c99   Thumb Code    90  stm32f1xx_hal_tim.o(i.HAL_TIM_Base_Init)
    HAL_TIM_Base_MspInit                     0x08000cf5   Thumb Code    72  stm32f1xx_hal_msp.o(i.HAL_TIM_Base_MspInit)
    HAL_TIM_Base_Start_IT                    0x08000d45   Thumb Code    76  stm32f1xx_hal_tim.o(i.HAL_TIM_Base_Start_IT)
    HAL_TIM_ConfigClockSource                0x08000d9d   Thumb Code   214  stm32f1xx_hal_tim.o(i.HAL_TIM_ConfigClockSource)
    HAL_TIM_IC_CaptureCallback               0x08000e73   Thumb Code     2  stm32f1xx_hal_tim.o(i.HAL_TIM_IC_CaptureCallback)
    HAL_TIM_IRQHandler                       0x08000e75   Thumb Code   358  stm32f1xx_hal_tim.o(i.HAL_TIM_IRQHandler)
    HAL_TIM_MspPostInit                      0x08000fdd   Thumb Code    62  stm32f1xx_hal_msp.o(i.HAL_TIM_MspPostInit)
    HAL_TIM_OC_DelayElapsedCallback          0x08001025   Thumb Code     2  stm32f1xx_hal_tim.o(i.HAL_TIM_OC_DelayElapsedCallback)
    HAL_TIM_PWM_ConfigChannel                0x08001027   Thumb Code   198  stm32f1xx_hal_tim.o(i.HAL_TIM_PWM_ConfigChannel)
    HAL_TIM_PWM_Init                         0x080010ed   Thumb Code    90  stm32f1xx_hal_tim.o(i.HAL_TIM_PWM_Init)
    HAL_TIM_PWM_MspInit                      0x08001147   Thumb Code     2  stm32f1xx_hal_tim.o(i.HAL_TIM_PWM_MspInit)
    HAL_TIM_PWM_PulseFinishedCallback        0x08001149   Thumb Code     2  stm32f1xx_hal_tim.o(i.HAL_TIM_PWM_PulseFinishedCallback)
    HAL_TIM_PWM_Start                        0x0800114d   Thumb Code   144  stm32f1xx_hal_tim.o(i.HAL_TIM_PWM_Start)
    HAL_TIM_PeriodElapsedCallback            0x080011e9   Thumb Code  1072  main.o(i.HAL_TIM_PeriodElapsedCallback)
    HAL_TIM_TriggerCallback                  0x08001619   Thumb Code     2  stm32f1xx_hal_tim.o(i.HAL_TIM_TriggerCallback)
    HAL_UARTEx_RxEventCallback               0x0800161b   Thumb Code     2  stm32f1xx_hal_uart.o(i.HAL_UARTEx_RxEventCallback)
    HAL_UART_ErrorCallback                   0x0800161d   Thumb Code   290  main.o(i.HAL_UART_ErrorCallback)
    HAL_UART_IRQHandler                      0x08001765   Thumb Code   520  stm32f1xx_hal_uart.o(i.HAL_UART_IRQHandler)
    HAL_UART_Init                            0x08001971   Thumb Code    98  stm32f1xx_hal_uart.o(i.HAL_UART_Init)
    HAL_UART_MspInit                         0x080019d5   Thumb Code   116  stm32f1xx_hal_msp.o(i.HAL_UART_MspInit)
    HAL_UART_Receive_IT                      0x08001a55   Thumb Code    42  stm32f1xx_hal_uart.o(i.HAL_UART_Receive_IT)
    HAL_UART_RxCpltCallback                  0x08001a81   Thumb Code    64  main.o(i.HAL_UART_RxCpltCallback)
    HAL_UART_TxCpltCallback                  0x08001ac9   Thumb Code     2  stm32f1xx_hal_uart.o(i.HAL_UART_TxCpltCallback)
    HardFault_Handler                        0x08001acb   Thumb Code     2  stm32f1xx_it.o(i.HardFault_Handler)
    MemManage_Handler                        0x08001cf5   Thumb Code     2  stm32f1xx_it.o(i.MemManage_Handler)
    NMI_Handler                              0x08001cf7   Thumb Code     2  stm32f1xx_it.o(i.NMI_Handler)
    PendSV_Handler                           0x08001cf9   Thumb Code     2  stm32f1xx_it.o(i.PendSV_Handler)
    SVC_Handler                              0x08001cfb   Thumb Code     2  stm32f1xx_it.o(i.SVC_Handler)
    SysTick_Handler                          0x08001cfd   Thumb Code     4  stm32f1xx_it.o(i.SysTick_Handler)
    SystemClock_Config                       0x08001d01   Thumb Code    94  main.o(i.SystemClock_Config)
    SystemInit                               0x08001d5f   Thumb Code     2  system_stm32f1xx.o(i.SystemInit)
    TIM1_UP_IRQHandler                       0x08001d61   Thumb Code     6  stm32f1xx_it.o(i.TIM1_UP_IRQHandler)
    TIM_Base_SetConfig                       0x08001d6d   Thumb Code    94  stm32f1xx_hal_tim.o(i.TIM_Base_SetConfig)
    TIM_CCxChannelCmd                        0x08001dd9   Thumb Code    26  stm32f1xx_hal_tim.o(i.TIM_CCxChannelCmd)
    TIM_ETR_SetConfig                        0x08001df3   Thumb Code    20  stm32f1xx_hal_tim.o(i.TIM_ETR_SetConfig)
    TIM_OC2_SetConfig                        0x08001e69   Thumb Code    84  stm32f1xx_hal_tim.o(i.TIM_OC2_SetConfig)
    UART_Start_Receive_IT                    0x08002151   Thumb Code    54  stm32f1xx_hal_uart.o(i.UART_Start_Receive_IT)
    USART1_IRQHandler                        0x08002189   Thumb Code     6  stm32f1xx_it.o(i.USART1_IRQHandler)
    UsageFault_Handler                       0x08002195   Thumb Code     2  stm32f1xx_it.o(i.UsageFault_Handler)
    Waiting_End_Move                         0x08002199   Thumb Code    26  main.o(i.Waiting_End_Move)
    main                                     0x080021d9   Thumb Code   642  main.o(i.main)
    __aeabi_d2f                              0x08002489   Thumb Code     0  d2f.o(x$fpl$d2f)
    _d2f                                     0x08002489   Thumb Code    98  d2f.o(x$fpl$d2f)
    __aeabi_dadd                             0x080024ed   Thumb Code     0  daddsub_clz.o(x$fpl$dadd)
    _dadd                                    0x080024ed   Thumb Code   332  daddsub_clz.o(x$fpl$dadd)
    __fpl_dcmp_Inf                           0x0800263d   Thumb Code    24  dcmpi.o(x$fpl$dcmpinf)
    __aeabi_ddiv                             0x08002655   Thumb Code     0  ddiv.o(x$fpl$ddiv)
    _ddiv                                    0x08002655   Thumb Code   552  ddiv.o(x$fpl$ddiv)
    __aeabi_cdcmpeq                          0x08002905   Thumb Code     0  deqf.o(x$fpl$deqf)
    _dcmpeq                                  0x08002905   Thumb Code   120  deqf.o(x$fpl$deqf)
    __aeabi_l2d                              0x0800297d   Thumb Code     0  dfltll_clz.o(x$fpl$dfltll)
    _ll_sto_d                                0x0800297d   Thumb Code   162  dfltll_clz.o(x$fpl$dfltll)
    __aeabi_ui2d                             0x08002a1f   Thumb Code     0  dflt_clz.o(x$fpl$dfltu)
    _dfltu                                   0x08002a1f   Thumb Code    38  dflt_clz.o(x$fpl$dfltu)
    __aeabi_cdcmple                          0x08002a45   Thumb Code     0  dleqf.o(x$fpl$dleqf)
    _dcmple                                  0x08002a45   Thumb Code   120  dleqf.o(x$fpl$dleqf)
    __fpl_dcmple_InfNaN                      0x08002aa7   Thumb Code     0  dleqf.o(x$fpl$dleqf)
    __aeabi_dmul                             0x08002abd   Thumb Code     0  dmul.o(x$fpl$dmul)
    _dmul                                    0x08002abd   Thumb Code   332  dmul.o(x$fpl$dmul)
    __fpl_dnaninf                            0x08002c11   Thumb Code   156  dnaninf.o(x$fpl$dnaninf)
    __fpl_dretinf                            0x08002cad   Thumb Code    12  dretinf.o(x$fpl$dretinf)
    __aeabi_cdrcmple                         0x08002cb9   Thumb Code     0  drleqf.o(x$fpl$drleqf)
    _drcmple                                 0x08002cb9   Thumb Code   108  drleqf.o(x$fpl$drleqf)
    __aeabi_drsub                            0x08002d25   Thumb Code     0  daddsub_clz.o(x$fpl$drsb)
    _drsb                                    0x08002d25   Thumb Code    22  daddsub_clz.o(x$fpl$drsb)
    __aeabi_dsub                             0x08002d3d   Thumb Code     0  daddsub_clz.o(x$fpl$dsub)
    _dsub                                    0x08002d3d   Thumb Code   464  daddsub_clz.o(x$fpl$dsub)
    __aeabi_f2d                              0x08002f11   Thumb Code     0  f2d.o(x$fpl$f2d)
    _f2d                                     0x08002f11   Thumb Code    86  f2d.o(x$fpl$f2d)
    __aeabi_fadd                             0x08002f69   Thumb Code     0  faddsub_clz.o(x$fpl$fadd)
    _fadd                                    0x08002f69   Thumb Code   196  faddsub_clz.o(x$fpl$fadd)
    __fpl_fcheck_NaN1                        0x0800302d   Thumb Code     6  fcheck1.o(x$fpl$fcheck1)
    __fpl_fcmp_Inf                           0x08003039   Thumb Code    24  fcmpi.o(x$fpl$fcmpinf)
    __aeabi_fdiv                             0x08003051   Thumb Code     0  fdiv.o(x$fpl$fdiv)
    _fdiv                                    0x08003051   Thumb Code   384  fdiv.o(x$fpl$fdiv)
    __aeabi_i2f                              0x080031d5   Thumb Code     0  fflt_clz.o(x$fpl$fflt)
    _fflt                                    0x080031d5   Thumb Code    48  fflt_clz.o(x$fpl$fflt)
    __aeabi_ul2f                             0x08003205   Thumb Code     0  ffltll_clz.o(x$fpl$ffltll)
    _ll_uto_f                                0x08003205   Thumb Code     6  ffltll_clz.o(x$fpl$ffltll)
    __aeabi_l2f                              0x0800320b   Thumb Code     0  ffltll_clz.o(x$fpl$ffltll)
    _ll_sto_f                                0x0800320b   Thumb Code    90  ffltll_clz.o(x$fpl$ffltll)
    __aeabi_cfcmple                          0x08003265   Thumb Code     0  fleqf.o(x$fpl$fleqf)
    _fcmple                                  0x08003265   Thumb Code   104  fleqf.o(x$fpl$fleqf)
    __fpl_fcmple_InfNaN                      0x080032b7   Thumb Code     0  fleqf.o(x$fpl$fleqf)
    __aeabi_fmul                             0x080032cd   Thumb Code     0  fmul.o(x$fpl$fmul)
    _fmul                                    0x080032cd   Thumb Code   258  fmul.o(x$fpl$fmul)
    __fpl_fnaninf                            0x080033cf   Thumb Code   140  fnaninf.o(x$fpl$fnaninf)
    __fpl_fretinf                            0x0800345b   Thumb Code    10  fretinf.o(x$fpl$fretinf)
    __aeabi_fsub                             0x08003465   Thumb Code     0  faddsub_clz.o(x$fpl$fsub)
    _fsub                                    0x08003465   Thumb Code   234  faddsub_clz.o(x$fpl$fsub)
    __aeabi_f2lz                             0x08003551   Thumb Code     0  ffixll.o(x$fpl$llsfromf)
    _ll_sfrom_f                              0x08003551   Thumb Code   134  ffixll.o(x$fpl$llsfromf)
    __fpl_return_NaN                         0x080035d7   Thumb Code   100  retnan.o(x$fpl$retnan)
    __ARM_scalbnf                            0x0800363b   Thumb Code    76  scalbnf.o(x$fpl$scalbnf)
    __fpl_cmpreturn                          0x08003687   Thumb Code    48  trapv.o(x$fpl$trapveneer)
    AHBPrescTable                            0x080036b6   Data          16  system_stm32f1xx.o(.constdata)
    __I$use$fp                               0x080036b6   Number         0  usenofp.o(x$fpl$usenofp)
    APBPrescTable                            0x080036c6   Data           8  system_stm32f1xx.o(.constdata)
    Region$$Table$$Base                      0x080036d0   Number         0  anon$$obj.o(Region$$Table)
    Region$$Table$$Limit                     0x080036f0   Number         0  anon$$obj.o(Region$$Table)
    search_zero                              0x20000000   Data           1  main.o(.data)
    state                                    0x20000001   Data           1  main.o(.data)
    DMX_Break                                0x20000002   Data           1  main.o(.data)
    byte_receive                             0x20000003   Data           1  main.o(.data)
    DMX_Start_Channel                        0x20000004   Data           2  main.o(.data)
    Steps_Rev                                0x20000008   Data           4  main.o(.data)
    multiplier                               0x2000000c   Data           4  main.o(.data)
    error                                    0x20000010   Data           4  main.o(.data)
    max_error                                0x20000014   Data           4  main.o(.data)
    set_speed                                0x20000018   Data           4  main.o(.data)
    a                                        0x2000001c   Data           4  main.o(.data)
    deseleration_distance                    0x20000020   Data           4  main.o(.data)
    oldActualPosition                        0x20000024   Data           4  main.o(.data)
    actualPosition                           0x20000028   Data           4  main.o(.data)
    DMX_Current_Channel                      0x2000002c   Data           4  main.o(.data)
    data                                     0x20000030   Data           7  main.o(.data)
    data_old                                 0x20000037   Data           7  main.o(.data)
    Max_Rev                                  0x20000040   Data           8  main.o(.data)
    setPosition                              0x20000048   Data           8  main.o(.data)
    stop_position                            0x20000050   Data           8  main.o(.data)
    actualSpeed                              0x20000058   Data           8  main.o(.data)
    full_oldActualPosition                   0x20000060   Data           8  main.o(.data)
    full_steps_actual_position               0x20000068   Data           8  main.o(.data)
    uwTickFreq                               0x20000070   Data           1  stm32f1xx_hal.o(.data)
    uwTickPrio                               0x20000074   Data           4  stm32f1xx_hal.o(.data)
    uwTick                                   0x20000078   Data           4  stm32f1xx_hal.o(.data)
    SystemCoreClock                          0x2000007c   Data           4  system_stm32f1xx.o(.data)
    swich_arrdess                            0x20000080   Data           9  main.o(.bss)
    htim1                                    0x2000008c   Data          72  main.o(.bss)
    htim2                                    0x200000d4   Data          72  main.o(.bss)
    huart1                                   0x2000011c   Data          68  main.o(.bss)
    __libspace_start                         0x20000160   Data          96  libspace.o(.bss)
    __temporary_stack_top$libspace           0x200001c0   Data           0  libspace.o(.bss)



==============================================================================

Memory Map of the image

  Image Entry point : 0x080000ed

  Load Region LR_IROM1 (Base: 0x08000000, Size: 0x00003770, Max: 0x00010000, ABSOLUTE)

    Execution Region ER_IROM1 (Exec base: 0x08000000, Load base: 0x08000000, Size: 0x000036f0, Max: 0x00010000, ABSOLUTE)

    Exec Addr    Load Addr    Size         Type   Attr      Idx    E Section Name        Object

    0x08000000   0x08000000   0x000000ec   Data   RO         2677    RESET               startup_stm32f103xb.o
    0x080000ec   0x080000ec   0x00000008   Code   RO         2728  * !!!main             c_w.l(__main.o)
    0x080000f4   0x080000f4   0x00000034   Code   RO         2966    !!!scatter          c_w.l(__scatter.o)
    0x08000128   0x08000128   0x0000001a   Code   RO         2968    !!handler_copy      c_w.l(__scatter_copy.o)
    0x08000142   0x08000142   0x00000002   PAD
    0x08000144   0x08000144   0x0000001c   Code   RO         2970    !!handler_zi        c_w.l(__scatter_zi.o)
    0x08000160   0x08000160   0x00000002   Code   RO         2832    .ARM.Collect$$libinit$$00000000  c_w.l(libinit.o)
    0x08000162   0x08000162   0x00000000   Code   RO         2841    .ARM.Collect$$libinit$$00000002  c_w.l(libinit2.o)
    0x08000162   0x08000162   0x00000000   Code   RO         2843    .ARM.Collect$$libinit$$00000004  c_w.l(libinit2.o)
    0x08000162   0x08000162   0x00000000   Code   RO         2846    .ARM.Collect$$libinit$$0000000A  c_w.l(libinit2.o)
    0x08000162   0x08000162   0x00000000   Code   RO         2848    .ARM.Collect$$libinit$$0000000C  c_w.l(libinit2.o)
    0x08000162   0x08000162   0x00000000   Code   RO         2850    .ARM.Collect$$libinit$$0000000E  c_w.l(libinit2.o)
    0x08000162   0x08000162   0x00000000   Code   RO         2853    .ARM.Collect$$libinit$$00000011  c_w.l(libinit2.o)
    0x08000162   0x08000162   0x00000000   Code   RO         2855    .ARM.Collect$$libinit$$00000013  c_w.l(libinit2.o)
    0x08000162   0x08000162   0x00000000   Code   RO         2857    .ARM.Collect$$libinit$$00000015  c_w.l(libinit2.o)
    0x08000162   0x08000162   0x00000000   Code   RO         2859    .ARM.Collect$$libinit$$00000017  c_w.l(libinit2.o)
    0x08000162   0x08000162   0x00000000   Code   RO         2861    .ARM.Collect$$libinit$$00000019  c_w.l(libinit2.o)
    0x08000162   0x08000162   0x00000000   Code   RO         2863    .ARM.Collect$$libinit$$0000001B  c_w.l(libinit2.o)
    0x08000162   0x08000162   0x00000000   Code   RO         2865    .ARM.Collect$$libinit$$0000001D  c_w.l(libinit2.o)
    0x08000162   0x08000162   0x00000000   Code   RO         2867    .ARM.Collect$$libinit$$0000001F  c_w.l(libinit2.o)
    0x08000162   0x08000162   0x00000000   Code   RO         2869    .ARM.Collect$$libinit$$00000021  c_w.l(libinit2.o)
    0x08000162   0x08000162   0x00000000   Code   RO         2871    .ARM.Collect$$libinit$$00000023  c_w.l(libinit2.o)
    0x08000162   0x08000162   0x00000000   Code   RO         2873    .ARM.Collect$$libinit$$00000025  c_w.l(libinit2.o)
    0x08000162   0x08000162   0x00000000   Code   RO         2877    .ARM.Collect$$libinit$$0000002C  c_w.l(libinit2.o)
    0x08000162   0x08000162   0x00000000   Code   RO         2879    .ARM.Collect$$libinit$$0000002E  c_w.l(libinit2.o)
    0x08000162   0x08000162   0x00000000   Code   RO         2881    .ARM.Collect$$libinit$$00000030  c_w.l(libinit2.o)
    0x08000162   0x08000162   0x00000000   Code   RO         2883    .ARM.Collect$$libinit$$00000032  c_w.l(libinit2.o)
    0x08000162   0x08000162   0x00000002   Code   RO         2884    .ARM.Collect$$libinit$$00000033  c_w.l(libinit2.o)
    0x08000164   0x08000164   0x00000002   Code   RO         2904    .ARM.Collect$$libshutdown$$00000000  c_w.l(libshutdown.o)
    0x08000166   0x08000166   0x00000000   Code   RO         2917    .ARM.Collect$$libshutdown$$00000002  c_w.l(libshutdown2.o)
    0x08000166   0x08000166   0x00000000   Code   RO         2919    .ARM.Collect$$libshutdown$$00000004  c_w.l(libshutdown2.o)
    0x08000166   0x08000166   0x00000000   Code   RO         2921    .ARM.Collect$$libshutdown$$00000006  c_w.l(libshutdown2.o)
    0x08000166   0x08000166   0x00000000   Code   RO         2924    .ARM.Collect$$libshutdown$$00000009  c_w.l(libshutdown2.o)
    0x08000166   0x08000166   0x00000000   Code   RO         2927    .ARM.Collect$$libshutdown$$0000000C  c_w.l(libshutdown2.o)
    0x08000166   0x08000166   0x00000000   Code   RO         2929    .ARM.Collect$$libshutdown$$0000000E  c_w.l(libshutdown2.o)
    0x08000166   0x08000166   0x00000000   Code   RO         2932    .ARM.Collect$$libshutdown$$00000011  c_w.l(libshutdown2.o)
    0x08000166   0x08000166   0x00000002   Code   RO         2933    .ARM.Collect$$libshutdown$$00000012  c_w.l(libshutdown2.o)
    0x08000168   0x08000168   0x00000000   Code   RO         2790    .ARM.Collect$$rtentry$$00000000  c_w.l(__rtentry.o)
    0x08000168   0x08000168   0x00000000   Code   RO         2807    .ARM.Collect$$rtentry$$00000002  c_w.l(__rtentry2.o)
    0x08000168   0x08000168   0x00000006   Code   RO         2819    .ARM.Collect$$rtentry$$00000004  c_w.l(__rtentry4.o)
    0x0800016e   0x0800016e   0x00000000   Code   RO         2809    .ARM.Collect$$rtentry$$00000009  c_w.l(__rtentry2.o)
    0x0800016e   0x0800016e   0x00000004   Code   RO         2810    .ARM.Collect$$rtentry$$0000000A  c_w.l(__rtentry2.o)
    0x08000172   0x08000172   0x00000000   Code   RO         2812    .ARM.Collect$$rtentry$$0000000C  c_w.l(__rtentry2.o)
    0x08000172   0x08000172   0x00000008   Code   RO         2813    .ARM.Collect$$rtentry$$0000000D  c_w.l(__rtentry2.o)
    0x0800017a   0x0800017a   0x00000002   Code   RO         2838    .ARM.Collect$$rtexit$$00000000  c_w.l(rtexit.o)
    0x0800017c   0x0800017c   0x00000000   Code   RO         2886    .ARM.Collect$$rtexit$$00000002  c_w.l(rtexit2.o)
    0x0800017c   0x0800017c   0x00000004   Code   RO         2887    .ARM.Collect$$rtexit$$00000003  c_w.l(rtexit2.o)
    0x08000180   0x08000180   0x00000006   Code   RO         2888    .ARM.Collect$$rtexit$$00000004  c_w.l(rtexit2.o)
    0x08000186   0x08000186   0x00000002   PAD
    0x08000188   0x08000188   0x00000040   Code   RO         2678    .text               startup_stm32f103xb.o
    0x080001c8   0x080001c8   0x0000004e   Code   RO         2724    .text               c_w.l(rt_memclr_w.o)
    0x08000216   0x08000216   0x00000006   Code   RO         2726    .text               c_w.l(heapauxi.o)
    0x0800021c   0x0800021c   0x0000004a   Code   RO         2823    .text               c_w.l(sys_stackheap_outer.o)
    0x08000266   0x08000266   0x00000012   Code   RO         2825    .text               c_w.l(exit.o)
    0x08000278   0x08000278   0x00000008   Code   RO         2835    .text               c_w.l(libspace.o)
    0x08000280   0x08000280   0x0000000c   Code   RO         2896    .text               c_w.l(sys_exit.o)
    0x0800028c   0x0800028c   0x00000002   Code   RO         2907    .text               c_w.l(use_no_semi.o)
    0x0800028e   0x0800028e   0x00000000   Code   RO         2909    .text               c_w.l(indicate_semi.o)
    0x0800028e   0x0800028e   0x00000002   Code   RO          189    i.BusFault_Handler  stm32f1xx_it.o
    0x08000290   0x08000290   0x00000002   Code   RO          190    i.DebugMon_Handler  stm32f1xx_it.o
    0x08000292   0x08000292   0x00000008   Code   RO          191    i.EXTI15_10_IRQHandler  stm32f1xx_it.o
    0x0800029a   0x0800029a   0x00000046   Code   RO         1725    i.HAL_DMA_Abort     stm32f1xx_hal_dma.o
    0x080002e0   0x080002e0   0x00000098   Code   RO         1726    i.HAL_DMA_Abort_IT  stm32f1xx_hal_dma.o
    0x08000378   0x08000378   0x00000024   Code   RO         1353    i.HAL_Delay         stm32f1xx_hal.o
    0x0800039c   0x0800039c   0x00000028   Code   RO            5    i.HAL_GPIO_EXTI_Callback  main.o
    0x080003c4   0x080003c4   0x00000018   Code   RO         1660    i.HAL_GPIO_EXTI_IRQHandler  stm32f1xx_hal_gpio.o
    0x080003dc   0x080003dc   0x000001e0   Code   RO         1661    i.HAL_GPIO_Init     stm32f1xx_hal_gpio.o
    0x080005bc   0x080005bc   0x0000000a   Code   RO         1663    i.HAL_GPIO_ReadPin  stm32f1xx_hal_gpio.o
    0x080005c6   0x080005c6   0x0000000a   Code   RO         1665    i.HAL_GPIO_WritePin  stm32f1xx_hal_gpio.o
    0x080005d0   0x080005d0   0x0000000c   Code   RO         1357    i.HAL_GetTick       stm32f1xx_hal.o
    0x080005dc   0x080005dc   0x00000010   Code   RO         1363    i.HAL_IncTick       stm32f1xx_hal.o
    0x080005ec   0x080005ec   0x00000024   Code   RO         1364    i.HAL_Init          stm32f1xx_hal.o
    0x08000610   0x08000610   0x00000040   Code   RO         1365    i.HAL_InitTick      stm32f1xx_hal.o
    0x08000650   0x08000650   0x0000003c   Code   RO          283    i.HAL_MspInit       stm32f1xx_hal_msp.o
    0x0800068c   0x0800068c   0x0000001a   Code   RO         1821    i.HAL_NVIC_EnableIRQ  stm32f1xx_hal_cortex.o
    0x080006a6   0x080006a6   0x00000002   PAD
    0x080006a8   0x080006a8   0x00000040   Code   RO         1827    i.HAL_NVIC_SetPriority  stm32f1xx_hal_cortex.o
    0x080006e8   0x080006e8   0x00000024   Code   RO         1828    i.HAL_NVIC_SetPriorityGrouping  stm32f1xx_hal_cortex.o
    0x0800070c   0x0800070c   0x0000012c   Code   RO         1521    i.HAL_RCC_ClockConfig  stm32f1xx_hal_rcc.o
    0x08000838   0x08000838   0x00000020   Code   RO         1528    i.HAL_RCC_GetPCLK1Freq  stm32f1xx_hal_rcc.o
    0x08000858   0x08000858   0x00000020   Code   RO         1529    i.HAL_RCC_GetPCLK2Freq  stm32f1xx_hal_rcc.o
    0x08000878   0x08000878   0x0000006c   Code   RO         1530    i.HAL_RCC_GetSysClockFreq  stm32f1xx_hal_rcc.o
    0x080008e4   0x080008e4   0x00000320   Code   RO         1533    i.HAL_RCC_OscConfig  stm32f1xx_hal_rcc.o
    0x08000c04   0x08000c04   0x00000028   Code   RO         1832    i.HAL_SYSTICK_Config  stm32f1xx_hal_cortex.o
    0x08000c2c   0x08000c2c   0x00000002   Code   RO         1079    i.HAL_TIMEx_BreakCallback  stm32f1xx_hal_tim_ex.o
    0x08000c2e   0x08000c2e   0x00000002   Code   RO         1080    i.HAL_TIMEx_CommutCallback  stm32f1xx_hal_tim_ex.o
    0x08000c30   0x08000c30   0x00000068   Code   RO         1098    i.HAL_TIMEx_MasterConfigSynchronization  stm32f1xx_hal_tim_ex.o
    0x08000c98   0x08000c98   0x0000005a   Code   RO          375    i.HAL_TIM_Base_Init  stm32f1xx_hal_tim.o
    0x08000cf2   0x08000cf2   0x00000002   PAD
    0x08000cf4   0x08000cf4   0x00000050   Code   RO          285    i.HAL_TIM_Base_MspInit  stm32f1xx_hal_msp.o
    0x08000d44   0x08000d44   0x00000058   Code   RO          380    i.HAL_TIM_Base_Start_IT  stm32f1xx_hal_tim.o
    0x08000d9c   0x08000d9c   0x000000d6   Code   RO          384    i.HAL_TIM_ConfigClockSource  stm32f1xx_hal_tim.o
    0x08000e72   0x08000e72   0x00000002   Code   RO          409    i.HAL_TIM_IC_CaptureCallback  stm32f1xx_hal_tim.o
    0x08000e74   0x08000e74   0x00000166   Code   RO          423    i.HAL_TIM_IRQHandler  stm32f1xx_hal_tim.o
    0x08000fda   0x08000fda   0x00000002   PAD
    0x08000fdc   0x08000fdc   0x00000048   Code   RO          286    i.HAL_TIM_MspPostInit  stm32f1xx_hal_msp.o
    0x08001024   0x08001024   0x00000002   Code   RO          426    i.HAL_TIM_OC_DelayElapsedCallback  stm32f1xx_hal_tim.o
    0x08001026   0x08001026   0x000000c6   Code   RO          447    i.HAL_TIM_PWM_ConfigChannel  stm32f1xx_hal_tim.o
    0x080010ec   0x080010ec   0x0000005a   Code   RO          450    i.HAL_TIM_PWM_Init  stm32f1xx_hal_tim.o
    0x08001146   0x08001146   0x00000002   Code   RO          452    i.HAL_TIM_PWM_MspInit  stm32f1xx_hal_tim.o
    0x08001148   0x08001148   0x00000002   Code   RO          453    i.HAL_TIM_PWM_PulseFinishedCallback  stm32f1xx_hal_tim.o
    0x0800114a   0x0800114a   0x00000002   PAD
    0x0800114c   0x0800114c   0x0000009c   Code   RO          455    i.HAL_TIM_PWM_Start  stm32f1xx_hal_tim.o
    0x080011e8   0x080011e8   0x00000430   Code   RO            6    i.HAL_TIM_PeriodElapsedCallback  main.o
    0x08001618   0x08001618   0x00000002   Code   RO          466    i.HAL_TIM_TriggerCallback  stm32f1xx_hal_tim.o
    0x0800161a   0x0800161a   0x00000002   Code   RO         2332    i.HAL_UARTEx_RxEventCallback  stm32f1xx_hal_uart.o
    0x0800161c   0x0800161c   0x00000148   Code   RO            7    i.HAL_UART_ErrorCallback  main.o
    0x08001764   0x08001764   0x0000020c   Code   RO         2349    i.HAL_UART_IRQHandler  stm32f1xx_hal_uart.o
    0x08001970   0x08001970   0x00000062   Code   RO         2350    i.HAL_UART_Init     stm32f1xx_hal_uart.o
    0x080019d2   0x080019d2   0x00000002   PAD
    0x080019d4   0x080019d4   0x00000080   Code   RO          288    i.HAL_UART_MspInit  stm32f1xx_hal_msp.o
    0x08001a54   0x08001a54   0x0000002a   Code   RO         2355    i.HAL_UART_Receive_IT  stm32f1xx_hal_uart.o
    0x08001a7e   0x08001a7e   0x00000002   PAD
    0x08001a80   0x08001a80   0x00000048   Code   RO            8    i.HAL_UART_RxCpltCallback  main.o
    0x08001ac8   0x08001ac8   0x00000002   Code   RO         2361    i.HAL_UART_TxCpltCallback  stm32f1xx_hal_uart.o
    0x08001aca   0x08001aca   0x00000002   Code   RO          192    i.HardFault_Handler  stm32f1xx_it.o
    0x08001acc   0x08001acc   0x0000010c   Code   RO            9    i.MX_GPIO_Init      main.o
    0x08001bd8   0x08001bd8   0x00000068   Code   RO           10    i.MX_TIM1_Init      main.o
    0x08001c40   0x08001c40   0x000000b4   Code   RO           11    i.MX_TIM2_Init      main.o
    0x08001cf4   0x08001cf4   0x00000002   Code   RO          193    i.MemManage_Handler  stm32f1xx_it.o
    0x08001cf6   0x08001cf6   0x00000002   Code   RO          194    i.NMI_Handler       stm32f1xx_it.o
    0x08001cf8   0x08001cf8   0x00000002   Code   RO          195    i.PendSV_Handler    stm32f1xx_it.o
    0x08001cfa   0x08001cfa   0x00000002   Code   RO          196    i.SVC_Handler       stm32f1xx_it.o
    0x08001cfc   0x08001cfc   0x00000004   Code   RO          197    i.SysTick_Handler   stm32f1xx_it.o
    0x08001d00   0x08001d00   0x0000005e   Code   RO           12    i.SystemClock_Config  main.o
    0x08001d5e   0x08001d5e   0x00000002   Code   RO         2686    i.SystemInit        system_stm32f1xx.o
    0x08001d60   0x08001d60   0x0000000c   Code   RO          198    i.TIM1_UP_IRQHandler  stm32f1xx_it.o
    0x08001d6c   0x08001d6c   0x0000006c   Code   RO          468    i.TIM_Base_SetConfig  stm32f1xx_hal_tim.o
    0x08001dd8   0x08001dd8   0x0000001a   Code   RO          469    i.TIM_CCxChannelCmd  stm32f1xx_hal_tim.o
    0x08001df2   0x08001df2   0x00000014   Code   RO          479    i.TIM_ETR_SetConfig  stm32f1xx_hal_tim.o
    0x08001e06   0x08001e06   0x00000010   Code   RO          480    i.TIM_ITRx_SetConfig  stm32f1xx_hal_tim.o
    0x08001e16   0x08001e16   0x00000002   PAD
    0x08001e18   0x08001e18   0x00000050   Code   RO          481    i.TIM_OC1_SetConfig  stm32f1xx_hal_tim.o
    0x08001e68   0x08001e68   0x00000058   Code   RO          482    i.TIM_OC2_SetConfig  stm32f1xx_hal_tim.o
    0x08001ec0   0x08001ec0   0x00000058   Code   RO          483    i.TIM_OC3_SetConfig  stm32f1xx_hal_tim.o
    0x08001f18   0x08001f18   0x00000044   Code   RO          484    i.TIM_OC4_SetConfig  stm32f1xx_hal_tim.o
    0x08001f5c   0x08001f5c   0x00000022   Code   RO          486    i.TIM_TI1_ConfigInputStage  stm32f1xx_hal_tim.o
    0x08001f7e   0x08001f7e   0x00000024   Code   RO          488    i.TIM_TI2_ConfigInputStage  stm32f1xx_hal_tim.o
    0x08001fa2   0x08001fa2   0x00000010   Code   RO         2363    i.UART_DMAAbortOnError  stm32f1xx_hal_uart.o
    0x08001fb2   0x08001fb2   0x00000030   Code   RO         2373    i.UART_EndRxTransfer  stm32f1xx_hal_uart.o
    0x08001fe2   0x08001fe2   0x000000b6   Code   RO         2375    i.UART_Receive_IT   stm32f1xx_hal_uart.o
    0x08002098   0x08002098   0x000000b8   Code   RO         2376    i.UART_SetConfig    stm32f1xx_hal_uart.o
    0x08002150   0x08002150   0x00000036   Code   RO         2378    i.UART_Start_Receive_IT  stm32f1xx_hal_uart.o
    0x08002186   0x08002186   0x00000002   PAD
    0x08002188   0x08002188   0x0000000c   Code   RO          199    i.USART1_IRQHandler  stm32f1xx_it.o
    0x08002194   0x08002194   0x00000002   Code   RO          200    i.UsageFault_Handler  stm32f1xx_it.o
    0x08002196   0x08002196   0x00000002   PAD
    0x08002198   0x08002198   0x00000020   Code   RO           13    i.Waiting_End_Move  main.o
    0x080021b8   0x080021b8   0x00000020   Code   RO         1834    i.__NVIC_SetPriority  stm32f1xx_hal_cortex.o
    0x080021d8   0x080021d8   0x000002b0   Code   RO           14    i.main              main.o
    0x08002488   0x08002488   0x00000062   Code   RO         2730    x$fpl$d2f           fz_ws.l(d2f.o)
    0x080024ea   0x080024ea   0x00000002   PAD
    0x080024ec   0x080024ec   0x00000150   Code   RO         2732    x$fpl$dadd          fz_ws.l(daddsub_clz.o)
    0x0800263c   0x0800263c   0x00000018   Code   RO         2791    x$fpl$dcmpinf       fz_ws.l(dcmpi.o)
    0x08002654   0x08002654   0x000002b0   Code   RO         2739    x$fpl$ddiv          fz_ws.l(ddiv.o)
    0x08002904   0x08002904   0x00000078   Code   RO         2742    x$fpl$deqf          fz_ws.l(deqf.o)
    0x0800297c   0x0800297c   0x000000a2   Code   RO         2750    x$fpl$dfltll        fz_ws.l(dfltll_clz.o)
    0x08002a1e   0x08002a1e   0x00000026   Code   RO         2744    x$fpl$dfltu         fz_ws.l(dflt_clz.o)
    0x08002a44   0x08002a44   0x00000078   Code   RO         2754    x$fpl$dleqf         fz_ws.l(dleqf.o)
    0x08002abc   0x08002abc   0x00000154   Code   RO         2756    x$fpl$dmul          fz_ws.l(dmul.o)
    0x08002c10   0x08002c10   0x0000009c   Code   RO         2793    x$fpl$dnaninf       fz_ws.l(dnaninf.o)
    0x08002cac   0x08002cac   0x0000000c   Code   RO         2795    x$fpl$dretinf       fz_ws.l(dretinf.o)
    0x08002cb8   0x08002cb8   0x0000006c   Code   RO         2758    x$fpl$drleqf        fz_ws.l(drleqf.o)
    0x08002d24   0x08002d24   0x00000016   Code   RO         2733    x$fpl$drsb          fz_ws.l(daddsub_clz.o)
    0x08002d3a   0x08002d3a   0x00000002   PAD
    0x08002d3c   0x08002d3c   0x000001d4   Code   RO         2734    x$fpl$dsub          fz_ws.l(daddsub_clz.o)
    0x08002f10   0x08002f10   0x00000056   Code   RO         2760    x$fpl$f2d           fz_ws.l(f2d.o)
    0x08002f66   0x08002f66   0x00000002   PAD
    0x08002f68   0x08002f68   0x000000c4   Code   RO         2762    x$fpl$fadd          fz_ws.l(faddsub_clz.o)
    0x0800302c   0x0800302c   0x0000000c   Code   RO         2797    x$fpl$fcheck1       fz_ws.l(fcheck1.o)
    0x08003038   0x08003038   0x00000018   Code   RO         2799    x$fpl$fcmpinf       fz_ws.l(fcmpi.o)
    0x08003050   0x08003050   0x00000184   Code   RO         2769    x$fpl$fdiv          fz_ws.l(fdiv.o)
    0x080031d4   0x080031d4   0x00000030   Code   RO         2777    x$fpl$fflt          fz_ws.l(fflt_clz.o)
    0x08003204   0x08003204   0x00000060   Code   RO         2782    x$fpl$ffltll        fz_ws.l(ffltll_clz.o)
    0x08003264   0x08003264   0x00000068   Code   RO         2784    x$fpl$fleqf         fz_ws.l(fleqf.o)
    0x080032cc   0x080032cc   0x00000102   Code   RO         2786    x$fpl$fmul          fz_ws.l(fmul.o)
    0x080033ce   0x080033ce   0x0000008c   Code   RO         2801    x$fpl$fnaninf       fz_ws.l(fnaninf.o)
    0x0800345a   0x0800345a   0x0000000a   Code   RO         2803    x$fpl$fretinf       fz_ws.l(fretinf.o)
    0x08003464   0x08003464   0x000000ea   Code   RO         2764    x$fpl$fsub          fz_ws.l(faddsub_clz.o)
    0x0800354e   0x0800354e   0x00000002   PAD
    0x08003550   0x08003550   0x00000086   Code   RO         2772    x$fpl$llsfromf      fz_ws.l(ffixll.o)
    0x080035d6   0x080035d6   0x00000064   Code   RO         2821    x$fpl$retnan        fz_ws.l(retnan.o)
    0x0800363a   0x0800363a   0x0000004c   Code   RO         2788    x$fpl$scalbnf       fz_ws.l(scalbnf.o)
    0x08003686   0x08003686   0x00000030   Code   RO         2833    x$fpl$trapveneer    fz_ws.l(trapv.o)
    0x080036b6   0x080036b6   0x00000000   Code   RO         2805    x$fpl$usenofp       fz_ws.l(usenofp.o)
    0x080036b6   0x080036b6   0x00000010   Data   RO         2687    .constdata          system_stm32f1xx.o
    0x080036c6   0x080036c6   0x00000008   Data   RO         2688    .constdata          system_stm32f1xx.o
    0x080036ce   0x080036ce   0x00000002   PAD
    0x080036d0   0x080036d0   0x00000020   Data   RO         2964    Region$$Table       anon$$obj.o


    Execution Region RW_IRAM1 (Exec base: 0x20000000, Load base: 0x080036f0, Size: 0x000007c0, Max: 0x00005000, ABSOLUTE)

    Exec Addr    Load Addr    Size         Type   Attr      Idx    E Section Name        Object

    0x20000000   0x080036f0   0x00000070   Data   RW           17    .data               main.o
    0x20000070   0x08003760   0x0000000c   Data   RW         1371    .data               stm32f1xx_hal.o
    0x2000007c   0x0800376c   0x00000004   Data   RW         2689    .data               system_stm32f1xx.o
    0x20000080        -       0x000000e0   Zero   RW           16    .bss                main.o
    0x20000160        -       0x00000060   Zero   RW         2836    .bss                c_w.l(libspace.o)
    0x200001c0        -       0x00000200   Zero   RW         2676    HEAP                startup_stm32f103xb.o
    0x200003c0        -       0x00000400   Zero   RW         2675    STACK               startup_stm32f103xb.o


==============================================================================

Image component sizes


      Code (inc. data)   RO Data    RW Data    ZI Data      Debug   Object Name

      2878        154          0        112        224     439532   main.o
        64         26        236          0       1536        908   startup_stm32f103xb.o
       164         28          0         12          0       7777   stm32f1xx_hal.o
       198         14          0          0          0      30351   stm32f1xx_hal_cortex.o
       222          4          0          0          0       2475   stm32f1xx_hal_dma.o
       524         40          0          0          0       5282   stm32f1xx_hal_gpio.o
       340         38          0          0          0       4050   stm32f1xx_hal_msp.o
      1272        100          0          0          0       6604   stm32f1xx_hal_rcc.o
      1768         58          0          0          0      21266   stm32f1xx_hal_tim.o
       108         12          0          0          0       3313   stm32f1xx_hal_tim_ex.o
      1152         10          0          0          0      10527   stm32f1xx_hal_uart.o
        52         12          0          0          0       8006   stm32f1xx_it.o
         2          0         24          4          0       1823   system_stm32f1xx.o

    ----------------------------------------------------------------------
      8762        496        294        128       1760     541914   Object Totals
         0          0         32          0          0          0   (incl. Generated)
        18          0          2          0          0          0   (incl. Padding)

    ----------------------------------------------------------------------

      Code (inc. data)   RO Data    RW Data    ZI Data      Debug   Library Member Name

         8          0          0          0          0         68   __main.o
         0          0          0          0          0          0   __rtentry.o
        12          0          0          0          0          0   __rtentry2.o
         6          0          0          0          0          0   __rtentry4.o
        52          8          0          0          0          0   __scatter.o
        26          0          0          0          0          0   __scatter_copy.o
        28          0          0          0          0          0   __scatter_zi.o
        18          0          0          0          0         80   exit.o
         6          0          0          0          0        152   heapauxi.o
         0          0          0          0          0          0   indicate_semi.o
         2          0          0          0          0          0   libinit.o
         2          0          0          0          0          0   libinit2.o
         2          0          0          0          0          0   libshutdown.o
         2          0          0          0          0          0   libshutdown2.o
         8          4          0          0         96         68   libspace.o
        78          0          0          0          0         80   rt_memclr_w.o
         2          0          0          0          0          0   rtexit.o
        10          0          0          0          0          0   rtexit2.o
        12          4          0          0          0         68   sys_exit.o
        74          0          0          0          0         80   sys_stackheap_outer.o
         2          0          0          0          0         68   use_no_semi.o
        98          4          0          0          0         92   d2f.o
       826         16          0          0          0        348   daddsub_clz.o
        24          0          0          0          0         68   dcmpi.o
       688        140          0          0          0        208   ddiv.o
       120          4          0          0          0         92   deqf.o
        38          0          0          0          0         68   dflt_clz.o
       162          0          0          0          0         84   dfltll_clz.o
       120          4          0          0          0         92   dleqf.o
       340         12          0          0          0        104   dmul.o
       156          4          0          0          0         92   dnaninf.o
        12          0          0          0          0         68   dretinf.o
       108          0          0          0          0         80   drleqf.o
        86          4          0          0          0         84   f2d.o
       430          8          0          0          0        168   faddsub_clz.o
        12          4          0          0          0         68   fcheck1.o
        24          0          0          0          0         68   fcmpi.o
       388         76          0          0          0         96   fdiv.o
       134          4          0          0          0         84   ffixll.o
        48          0          0          0          0         68   fflt_clz.o
        96          0          0          0          0         84   ffltll_clz.o
       104          4          0          0          0         84   fleqf.o
       258          4          0          0          0         84   fmul.o
       140          4          0          0          0         84   fnaninf.o
        10          0          0          0          0         68   fretinf.o
       100          0          0          0          0         68   retnan.o
        76          0          0          0          0         68   scalbnf.o
        48          0          0          0          0         68   trapv.o
         0          0          0          0          0          0   usenofp.o

    ----------------------------------------------------------------------
      5008        308          0          0         96       3304   Library Totals
        12          0          0          0          0          0   (incl. Padding)

    ----------------------------------------------------------------------

      Code (inc. data)   RO Data    RW Data    ZI Data      Debug   Library Name

       350         16          0          0         96        664   c_w.l
      4646        292          0          0          0       2640   fz_ws.l

    ----------------------------------------------------------------------
      5008        308          0          0         96       3304   Library Totals

    ----------------------------------------------------------------------

==============================================================================


      Code (inc. data)   RO Data    RW Data    ZI Data      Debug   

     13770        804        294        128       1856     539390   Grand Totals
     13770        804        294        128       1856     539390   ELF Image Totals
     13770        804        294        128          0          0   ROM Totals

==============================================================================

    Total RO  Size (Code + RO Data)                14064 (  13.73kB)
    Total RW  Size (RW Data + ZI Data)              1984 (   1.94kB)
    Total ROM Size (Code + RO Data + RW Data)      14192 (  13.86kB)

==============================================================================

